Archive member included to satisfy reference by file (symbol)

c:/st/stm32cubeide_1.4.0/stm32cubeide/plugins/com.st.stm32cube.ide.mcu.externaltools.gnu-tools-for-stm32.7-2018-q2-update.win32_1.4.0.202007081208/tools/bin/../lib/gcc/arm-none-eabi/7.3.1/../../../../arm-none-eabi/lib/thumb/v7e-m/fpv4-sp/hard\libc_nano.a(lib_a-errno.o)
                              Application/User/syscalls.o (__errno)
c:/st/stm32cubeide_1.4.0/stm32cubeide/plugins/com.st.stm32cube.ide.mcu.externaltools.gnu-tools-for-stm32.7-2018-q2-update.win32_1.4.0.202007081208/tools/bin/../lib/gcc/arm-none-eabi/7.3.1/../../../../arm-none-eabi/lib/thumb/v7e-m/fpv4-sp/hard\libc_nano.a(lib_a-exit.o)
                              c:/st/stm32cubeide_1.4.0/stm32cubeide/plugins/com.st.stm32cube.ide.mcu.externaltools.gnu-tools-for-stm32.7-2018-q2-update.win32_1.4.0.202007081208/tools/bin/../lib/gcc/arm-none-eabi/7.3.1/../../../../arm-none-eabi/lib/thumb/v7e-m/fpv4-sp/hard/crt0.o (exit)
c:/st/stm32cubeide_1.4.0/stm32cubeide/plugins/com.st.stm32cube.ide.mcu.externaltools.gnu-tools-for-stm32.7-2018-q2-update.win32_1.4.0.202007081208/tools/bin/../lib/gcc/arm-none-eabi/7.3.1/../../../../arm-none-eabi/lib/thumb/v7e-m/fpv4-sp/hard\libc_nano.a(lib_a-impure.o)
                              c:/st/stm32cubeide_1.4.0/stm32cubeide/plugins/com.st.stm32cube.ide.mcu.externaltools.gnu-tools-for-stm32.7-2018-q2-update.win32_1.4.0.202007081208/tools/bin/../lib/gcc/arm-none-eabi/7.3.1/../../../../arm-none-eabi/lib/thumb/v7e-m/fpv4-sp/hard\libc_nano.a(lib_a-exit.o) (_global_impure_ptr)
c:/st/stm32cubeide_1.4.0/stm32cubeide/plugins/com.st.stm32cube.ide.mcu.externaltools.gnu-tools-for-stm32.7-2018-q2-update.win32_1.4.0.202007081208/tools/bin/../lib/gcc/arm-none-eabi/7.3.1/../../../../arm-none-eabi/lib/thumb/v7e-m/fpv4-sp/hard\libc_nano.a(lib_a-init.o)
                              c:/st/stm32cubeide_1.4.0/stm32cubeide/plugins/com.st.stm32cube.ide.mcu.externaltools.gnu-tools-for-stm32.7-2018-q2-update.win32_1.4.0.202007081208/tools/bin/../lib/gcc/arm-none-eabi/7.3.1/../../../../arm-none-eabi/lib/thumb/v7e-m/fpv4-sp/hard/crt0.o (__libc_init_array)
c:/st/stm32cubeide_1.4.0/stm32cubeide/plugins/com.st.stm32cube.ide.mcu.externaltools.gnu-tools-for-stm32.7-2018-q2-update.win32_1.4.0.202007081208/tools/bin/../lib/gcc/arm-none-eabi/7.3.1/../../../../arm-none-eabi/lib/thumb/v7e-m/fpv4-sp/hard\libc_nano.a(lib_a-memset.o)
                              c:/st/stm32cubeide_1.4.0/stm32cubeide/plugins/com.st.stm32cube.ide.mcu.externaltools.gnu-tools-for-stm32.7-2018-q2-update.win32_1.4.0.202007081208/tools/bin/../lib/gcc/arm-none-eabi/7.3.1/../../../../arm-none-eabi/lib/thumb/v7e-m/fpv4-sp/hard/crt0.o (memset)
c:/st/stm32cubeide_1.4.0/stm32cubeide/plugins/com.st.stm32cube.ide.mcu.externaltools.gnu-tools-for-stm32.7-2018-q2-update.win32_1.4.0.202007081208/tools/bin/../lib/gcc/arm-none-eabi/7.3.1/thumb/v7e-m/fpv4-sp/hard\libgcc.a(_aeabi_uldivmod.o)
                              Drivers/STM32WBxx_HAL_Driver/stm32wbxx_hal_uart.o (__aeabi_uldivmod)
c:/st/stm32cubeide_1.4.0/stm32cubeide/plugins/com.st.stm32cube.ide.mcu.externaltools.gnu-tools-for-stm32.7-2018-q2-update.win32_1.4.0.202007081208/tools/bin/../lib/gcc/arm-none-eabi/7.3.1/thumb/v7e-m/fpv4-sp/hard\libgcc.a(_udivmoddi4.o)
                              c:/st/stm32cubeide_1.4.0/stm32cubeide/plugins/com.st.stm32cube.ide.mcu.externaltools.gnu-tools-for-stm32.7-2018-q2-update.win32_1.4.0.202007081208/tools/bin/../lib/gcc/arm-none-eabi/7.3.1/thumb/v7e-m/fpv4-sp/hard\libgcc.a(_aeabi_uldivmod.o) (__udivmoddi4)
c:/st/stm32cubeide_1.4.0/stm32cubeide/plugins/com.st.stm32cube.ide.mcu.externaltools.gnu-tools-for-stm32.7-2018-q2-update.win32_1.4.0.202007081208/tools/bin/../lib/gcc/arm-none-eabi/7.3.1/thumb/v7e-m/fpv4-sp/hard\libgcc.a(_dvmd_tls.o)
                              c:/st/stm32cubeide_1.4.0/stm32cubeide/plugins/com.st.stm32cube.ide.mcu.externaltools.gnu-tools-for-stm32.7-2018-q2-update.win32_1.4.0.202007081208/tools/bin/../lib/gcc/arm-none-eabi/7.3.1/thumb/v7e-m/fpv4-sp/hard\libgcc.a(_aeabi_uldivmod.o) (__aeabi_ldiv0)

Allocating common symbols
Common symbol       size              file

uwTick              0x4               Drivers/STM32WBxx_HAL_Driver/stm32wbxx_hal.o
huart1              0x8c              Application/User/main.o

Discarded input sections

 .text          0x0000000000000000        0x0 c:/st/stm32cubeide_1.4.0/stm32cubeide/plugins/com.st.stm32cube.ide.mcu.externaltools.gnu-tools-for-stm32.7-2018-q2-update.win32_1.4.0.202007081208/tools/bin/../lib/gcc/arm-none-eabi/7.3.1/thumb/v7e-m/fpv4-sp/hard/crti.o
 .data          0x0000000000000000        0x0 c:/st/stm32cubeide_1.4.0/stm32cubeide/plugins/com.st.stm32cube.ide.mcu.externaltools.gnu-tools-for-stm32.7-2018-q2-update.win32_1.4.0.202007081208/tools/bin/../lib/gcc/arm-none-eabi/7.3.1/thumb/v7e-m/fpv4-sp/hard/crti.o
[...]
Memory Configuration

Name             Origin             Length             Attributes
FLASH            0x0000000008000000 0x0000000000080000 xr
RAM1             0x0000000020000004 0x000000000002fffc xrw
RAM_SHARED       0x0000000020030000 0x0000000000002800 xrw
*default*        0x0000000000000000 0xffffffffffffffff

Linker script and memory map

LOAD c:/st/stm32cubeide_1.4.0/stm32cubeide/plugins/com.st.stm32cube.ide.mcu.externaltools.gnu-tools-for-stm32.7-2018-q2-update.win32_1.4.0.202007081208/tools/bin/../lib/gcc/arm-none-eabi/7.3.1/thumb/v7e-m/fpv4-sp/hard/crti.o
LOAD c:/st/stm32cubeide_1.4.0/stm32cubeide/plugins/com.st.stm32cube.ide.mcu.externaltools.gnu-tools-for-stm32.7-2018-q2-update.win32_1.4.0.202007081208/tools/bin/../lib/gcc/arm-none-eabi/7.3.1/thumb/v7e-m/fpv4-sp/hard/crtbegin.o
LOAD c:/st/stm32cubeide_1.4.0/stm32cubeide/plugins/com.st.stm32cube.ide.mcu.externaltools.gnu-tools-for-stm32.7-2018-q2-update.win32_1.4.0.202007081208/tools/bin/../lib/gcc/arm-none-eabi/7.3.1/../../../../arm-none-eabi/lib/thumb/v7e-m/fpv4-sp/hard/crt0.o
LOAD Application/Startup/startup_stm32wb55rgvx.o
LOAD Application/User/main.o
LOAD Application/User/stm32wbxx_hal_msp.o
LOAD Application/User/stm32wbxx_it.o
LOAD Application/User/syscalls.o
LOAD Application/User/sysmem.o
LOAD Drivers/BSP/P-NUCLEO-WB55.Nucleo/stm32wbxx_nucleo.o
LOAD Drivers/CMSIS/system_stm32wbxx.o
LOAD Drivers/STM32WBxx_HAL_Driver/stm32wbxx_hal.o
LOAD Drivers/STM32WBxx_HAL_Driver/stm32wbxx_hal_cortex.o
LOAD Drivers/STM32WBxx_HAL_Driver/stm32wbxx_hal_dma.o
LOAD Drivers/STM32WBxx_HAL_Driver/stm32wbxx_hal_dma_ex.o
LOAD Drivers/STM32WBxx_HAL_Driver/stm32wbxx_hal_exti.o
LOAD Drivers/STM32WBxx_HAL_Driver/stm32wbxx_hal_flash.o
LOAD Drivers/STM32WBxx_HAL_Driver/stm32wbxx_hal_flash_ex.o
LOAD Drivers/STM32WBxx_HAL_Driver/stm32wbxx_hal_gpio.o
LOAD Drivers/STM32WBxx_HAL_Driver/stm32wbxx_hal_hsem.o
LOAD Drivers/STM32WBxx_HAL_Driver/stm32wbxx_hal_pwr.o
LOAD Drivers/STM32WBxx_HAL_Driver/stm32wbxx_hal_pwr_ex.o
LOAD Drivers/STM32WBxx_HAL_Driver/stm32wbxx_hal_rcc.o
LOAD Drivers/STM32WBxx_HAL_Driver/stm32wbxx_hal_rcc_ex.o
LOAD Drivers/STM32WBxx_HAL_Driver/stm32wbxx_hal_tim.o
LOAD Drivers/STM32WBxx_HAL_Driver/stm32wbxx_hal_tim_ex.o
LOAD Drivers/STM32WBxx_HAL_Driver/stm32wbxx_hal_uart.o
LOAD Drivers/STM32WBxx_HAL_Driver/stm32wbxx_hal_uart_ex.o
START GROUP
LOAD c:/st/stm32cubeide_1.4.0/stm32cubeide/plugins/com.st.stm32cube.ide.mcu.externaltools.gnu-tools-for-stm32.7-2018-q2-update.win32_1.4.0.202007081208/tools/bin/../lib/gcc/arm-none-eabi/7.3.1/../../../../arm-none-eabi/lib/thumb/v7e-m/fpv4-sp/hard\libc_nano.a
LOAD c:/st/stm32cubeide_1.4.0/stm32cubeide/plugins/com.st.stm32cube.ide.mcu.externaltools.gnu-tools-for-stm32.7-2018-q2-update.win32_1.4.0.202007081208/tools/bin/../lib/gcc/arm-none-eabi/7.3.1/../../../../arm-none-eabi/lib/thumb/v7e-m/fpv4-sp/hard\libm.a
END GROUP
START GROUP
LOAD c:/st/stm32cubeide_1.4.0/stm32cubeide/plugins/com.st.stm32cube.ide.mcu.externaltools.gnu-tools-for-stm32.7-2018-q2-update.win32_1.4.0.202007081208/tools/bin/../lib/gcc/arm-none-eabi/7.3.1/thumb/v7e-m/fpv4-sp/hard\libgcc.a
LOAD c:/st/stm32cubeide_1.4.0/stm32cubeide/plugins/com.st.stm32cube.ide.mcu.externaltools.gnu-tools-for-stm32.7-2018-q2-update.win32_1.4.0.202007081208/tools/bin/../lib/gcc/arm-none-eabi/7.3.1/../../../../arm-none-eabi/lib/thumb/v7e-m/fpv4-sp/hard\libc_nano.a
END GROUP
START GROUP
LOAD c:/st/stm32cubeide_1.4.0/stm32cubeide/plugins/com.st.stm32cube.ide.mcu.externaltools.gnu-tools-for-stm32.7-2018-q2-update.win32_1.4.0.202007081208/tools/bin/../lib/gcc/arm-none-eabi/7.3.1/thumb/v7e-m/fpv4-sp/hard\libgcc.a
LOAD c:/st/stm32cubeide_1.4.0/stm32cubeide/plugins/com.st.stm32cube.ide.mcu.externaltools.gnu-tools-for-stm32.7-2018-q2-update.win32_1.4.0.202007081208/tools/bin/../lib/gcc/arm-none-eabi/7.3.1/../../../../arm-none-eabi/lib/thumb/v7e-m/fpv4-sp/hard\libc_nano.a
LOAD c:/st/stm32cubeide_1.4.0/stm32cubeide/plugins/com.st.stm32cube.ide.mcu.externaltools.gnu-tools-for-stm32.7-2018-q2-update.win32_1.4.0.202007081208/tools/bin/../lib/gcc/arm-none-eabi/7.3.1/../../../../arm-none-eabi/lib/thumb/v7e-m/fpv4-sp/hard\libnosys.a
END GROUP
START GROUP
LOAD c:/st/stm32cubeide_1.4.0/stm32cubeide/plugins/com.st.stm32cube.ide.mcu.externaltools.gnu-tools-for-stm32.7-2018-q2-update.win32_1.4.0.202007081208/tools/bin/../lib/gcc/arm-none-eabi/7.3.1/thumb/v7e-m/fpv4-sp/hard\libgcc.a
LOAD c:/st/stm32cubeide_1.4.0/stm32cubeide/plugins/com.st.stm32cube.ide.mcu.externaltools.gnu-tools-for-stm32.7-2018-q2-update.win32_1.4.0.202007081208/tools/bin/../lib/gcc/arm-none-eabi/7.3.1/../../../../arm-none-eabi/lib/thumb/v7e-m/fpv4-sp/hard\libc_nano.a
LOAD c:/st/stm32cubeide_1.4.0/stm32cubeide/plugins/com.st.stm32cube.ide.mcu.externaltools.gnu-tools-for-stm32.7-2018-q2-update.win32_1.4.0.202007081208/tools/bin/../lib/gcc/arm-none-eabi/7.3.1/../../../../arm-none-eabi/lib/thumb/v7e-m/fpv4-sp/hard\libnosys.a
END GROUP
LOAD c:/st/stm32cubeide_1.4.0/stm32cubeide/plugins/com.st.stm32cube.ide.mcu.externaltools.gnu-tools-for-stm32.7-2018-q2-update.win32_1.4.0.202007081208/tools/bin/../lib/gcc/arm-none-eabi/7.3.1/thumb/v7e-m/fpv4-sp/hard/crtend.o
LOAD c:/st/stm32cubeide_1.4.0/stm32cubeide/plugins/com.st.stm32cube.ide.mcu.externaltools.gnu-tools-for-stm32.7-2018-q2-update.win32_1.4.0.202007081208/tools/bin/../lib/gcc/arm-none-eabi/7.3.1/thumb/v7e-m/fpv4-sp/hard/crtn.o
                0x0000000020030000                _estack = 0x20030000
                0x0000000000000200                _Min_Heap_Size = 0x200
                0x0000000000000400                _Min_Stack_Size = 0x400

.isr_vector     0x0000000008000000      0x13c
                0x0000000008000000                . = ALIGN (0x4)
 *(.isr_vector)
 .isr_vector    0x0000000008000000      0x13c Application/Startup/startup_stm32wb55rgvx.o
                0x0000000008000000                g_pfnVectors
                0x000000000800013c                . = ALIGN (0x4)

.text           0x000000000800013c     0x2df8
                0x000000000800013c                . = ALIGN (0x4)
 *(.text)
 .text          0x000000000800013c       0x40 c:/st/stm32cubeide_1.4.0/stm32cubeide/plugins/com.st.stm32cube.ide.mcu.externaltools.gnu-tools-for-stm32.7-2018-q2-update.win32_1.4.0.202007081208/tools/bin/../lib/gcc/arm-none-eabi/7.3.1/thumb/v7e-m/fpv4-sp/hard/crtbegin.o
 .text          0x000000000800017c       0x30 c:/st/stm32cubeide_1.4.0/stm32cubeide/plugins/com.st.stm32cube.ide.mcu.externaltools.gnu-tools-for-stm32.7-2018-q2-update.win32_1.4.0.202007081208/tools/bin/../lib/gcc/arm-none-eabi/7.3.1/thumb/v7e-m/fpv4-sp/hard\libgcc.a(_aeabi_uldivmod.o)
                0x000000000800017c                __aeabi_uldivmod
 .text          0x00000000080001ac      0x2cc c:/st/stm32cubeide_1.4.0/stm32cubeide/plugins/com.st.stm32cube.ide.mcu.externaltools.gnu-tools-for-stm32.7-2018-q2-update.win32_1.4.0.202007081208/tools/bin/../lib/gcc/arm-none-eabi/7.3.1/thumb/v7e-m/fpv4-sp/hard\libgcc.a(_udivmoddi4.o)
                0x00000000080001ac                __udivmoddi4
 .text          0x0000000008000478        0x4 c:/st/stm32cubeide_1.4.0/stm32cubeide/plugins/com.st.stm32cube.ide.mcu.externaltools.gnu-tools-for-stm32.7-2018-q2-update.win32_1.4.0.202007081208/tools/bin/../lib/gcc/arm-none-eabi/7.3.1/thumb/v7e-m/fpv4-sp/hard\libgcc.a(_dvmd_tls.o)
                0x0000000008000478                __aeabi_idiv0
                0x0000000008000478                __aeabi_ldiv0
 *(.text*)
 .text.data_initializers
                0x000000000800047c       0x18 Application/Startup/startup_stm32wb55rgvx.o
 .text.Reset_Handler
                0x0000000008000494       0x54 Application/Startup/startup_stm32wb55rgvx.o
                0x0000000008000494                Reset_Handler
 .text.Default_Handler
                0x00000000080004e8        0x2 Application/Startup/startup_stm32wb55rgvx.o
                0x00000000080004e8                RTC_Alarm_IRQHandler
                0x00000000080004e8                EXTI2_IRQHandler
                0x00000000080004e8                TIM1_CC_IRQHandler
                0x00000000080004e8                TSC_IRQHandler
                0x00000000080004e8                USB_HP_IRQHandler
                0x00000000080004e8                EXTI3_IRQHandler
                0x00000000080004e8                LPTIM2_IRQHandler
                0x00000000080004e8                I2C3_ER_IRQHandler
                0x00000000080004e8                EXTI0_IRQHandler
                0x00000000080004e8                FPU_IRQHandler
                0x00000000080004e8                TIM1_UP_TIM16_IRQHandler
                0x00000000080004e8                UsageFault_Handler
                0x00000000080004e8                AES1_IRQHandler
                0x00000000080004e8                SPI1_IRQHandler
                0x00000000080004e8                PWR_SOTF_BLEACT_802ACT_RFPHASE_IRQHandler
                0x00000000080004e8                DMA2_Channel2_IRQHandler
                0x00000000080004e8                DMA1_Channel4_IRQHandler
                0x00000000080004e8                ADC1_IRQHandler
                0x00000000080004e8                PKA_IRQHandler
                0x00000000080004e8                DMA1_Channel7_IRQHandler
                0x00000000080004e8                LCD_IRQHandler
                0x00000000080004e8                IPCC_C1_TX_IRQHandler
                0x00000000080004e8                DMA2_Channel1_IRQHandler
                0x00000000080004e8                QUADSPI_IRQHandler
                0x00000000080004e8                I2C1_EV_IRQHandler
                0x00000000080004e8                DMAMUX1_OVR_IRQHandler
                0x00000000080004e8                DMA1_Channel6_IRQHandler
                0x00000000080004e8                DMA2_Channel4_IRQHandler
                0x00000000080004e8                RCC_IRQHandler
                0x00000000080004e8                DMA1_Channel1_IRQHandler
                0x00000000080004e8                Default_Handler
                0x00000000080004e8                DMA2_Channel7_IRQHandler
                0x00000000080004e8                EXTI15_10_IRQHandler
                0x00000000080004e8                IPCC_C1_RX_IRQHandler
                0x00000000080004e8                C2SEV_PWR_C2H_IRQHandler
                0x00000000080004e8                AES2_IRQHandler
                0x00000000080004e8                I2C3_EV_IRQHandler
                0x00000000080004e8                EXTI9_5_IRQHandler
                0x00000000080004e8                RTC_WKUP_IRQHandler
                0x00000000080004e8                PVD_PVM_IRQHandler
                0x00000000080004e8                SPI2_IRQHandler
                0x00000000080004e8                DMA2_Channel5_IRQHandler
                0x00000000080004e8                CRS_IRQHandler
                0x00000000080004e8                DMA1_Channel5_IRQHandler
                0x00000000080004e8                USB_LP_IRQHandler
                0x00000000080004e8                EXTI4_IRQHandler
                0x00000000080004e8                RNG_IRQHandler
                0x00000000080004e8                TIM1_TRG_COM_TIM17_IRQHandler
                0x00000000080004e8                TAMP_STAMP_LSECSS_IRQHandler
                0x00000000080004e8                DMA1_Channel3_IRQHandler
                0x00000000080004e8                COMP_IRQHandler
                0x00000000080004e8                HSEM_IRQHandler
                0x00000000080004e8                WWDG_IRQHandler
                0x00000000080004e8                LPUART1_IRQHandler
                0x00000000080004e8                DMA2_Channel6_IRQHandler
                0x00000000080004e8                TIM2_IRQHandler
                0x00000000080004e8                TIM1_BRK_IRQHandler
                0x00000000080004e8                EXTI1_IRQHandler
                0x00000000080004e8                DMA1_Channel2_IRQHandler
                0x00000000080004e8                FLASH_IRQHandler
                0x00000000080004e8                BusFault_Handler
                0x00000000080004e8                USART1_IRQHandler
                0x00000000080004e8                I2C1_ER_IRQHandler
                0x00000000080004e8                LPTIM1_IRQHandler
                0x00000000080004e8                SAI1_IRQHandler
                0x00000000080004e8                DMA2_Channel3_IRQHandler
 .text.LL_AHB2_GRP1_EnableClock
                0x00000000080004ea       0x32 Application/User/main.o
 .text.main     0x000000000800051c       0x48 Application/User/main.o
                0x000000000800051c                main
 .text.SystemClock_Config
                0x0000000008000564       0xa2 Application/User/main.o
                0x0000000008000564                SystemClock_Config
 *fill*         0x0000000008000606        0x2 
 .text.MX_USART1_UART_Init
                0x0000000008000608       0x98 Application/User/main.o
 .text.MX_GPIO_Init
                0x00000000080006a0        0xe Application/User/main.o
 .text.Error_Handler
                0x00000000080006ae        0x6 Application/User/main.o
                0x00000000080006ae                Error_Handler
 .text.LL_AHB2_GRP1_EnableClock
                0x00000000080006b4       0x32 Application/User/stm32wbxx_hal_msp.o
 .text.LL_APB2_GRP1_EnableClock
                0x00000000080006e6       0x32 Application/User/stm32wbxx_hal_msp.o
 .text.HAL_MspInit
                0x0000000008000718        0xe Application/User/stm32wbxx_hal_msp.o
                0x0000000008000718                HAL_MspInit
 *fill*         0x0000000008000726        0x2 
 .text.HAL_UART_MspInit
                0x0000000008000728       0x60 Application/User/stm32wbxx_hal_msp.o
                0x0000000008000728                HAL_UART_MspInit
 .text.NMI_Handler
                0x0000000008000788        0xe Application/User/stm32wbxx_it.o
                0x0000000008000788                NMI_Handler
 .text.HardFault_Handler
                0x0000000008000796        0x6 Application/User/stm32wbxx_it.o
                0x0000000008000796                HardFault_Handler
 .text.MemManage_Handler
                0x000000000800079c        0x6 Application/User/stm32wbxx_it.o
                0x000000000800079c                MemManage_Handler
 .text.SVC_Handler
                0x00000000080007a2        0xe Application/User/stm32wbxx_it.o
                0x00000000080007a2                SVC_Handler
 .text.DebugMon_Handler
                0x00000000080007b0        0xe Application/User/stm32wbxx_it.o
                0x00000000080007b0                DebugMon_Handler
 .text.PendSV_Handler
                0x00000000080007be        0xe Application/User/stm32wbxx_it.o
                0x00000000080007be                PendSV_Handler
 .text.SysTick_Handler
                0x00000000080007cc        0xc Application/User/stm32wbxx_it.o
                0x00000000080007cc                SysTick_Handler
 .text.SystemInit
                0x00000000080007d8       0xac Drivers/CMSIS/system_stm32wbxx.o
                0x00000000080007d8                SystemInit
 .text.SystemCoreClockUpdate
                0x0000000008000884      0x144 Drivers/CMSIS/system_stm32wbxx.o
                0x0000000008000884                SystemCoreClockUpdate
 .text.HAL_Init
                0x00000000080009c8       0x40 Drivers/STM32WBxx_HAL_Driver/stm32wbxx_hal.o
                0x00000000080009c8                HAL_Init
 .text.HAL_InitTick
                0x0000000008000a08       0x74 Drivers/STM32WBxx_HAL_Driver/stm32wbxx_hal.o
                0x0000000008000a08                HAL_InitTick
 .text.HAL_IncTick
                0x0000000008000a7c       0x28 Drivers/STM32WBxx_HAL_Driver/stm32wbxx_hal.o
                0x0000000008000a7c                HAL_IncTick
 .text.HAL_GetTick
                0x0000000008000aa4       0x18 Drivers/STM32WBxx_HAL_Driver/stm32wbxx_hal.o
                0x0000000008000aa4                HAL_GetTick
 .text.HAL_GetTickPrio
                0x0000000008000abc       0x18 Drivers/STM32WBxx_HAL_Driver/stm32wbxx_hal.o
                0x0000000008000abc                HAL_GetTickPrio
 .text.HAL_Delay
                0x0000000008000ad4       0x44 Drivers/STM32WBxx_HAL_Driver/stm32wbxx_hal.o
                0x0000000008000ad4                HAL_Delay
 .text.__NVIC_SetPriorityGrouping
                0x0000000008000b18       0x48 Drivers/STM32WBxx_HAL_Driver/stm32wbxx_hal_cortex.o
 .text.__NVIC_GetPriorityGrouping
                0x0000000008000b60       0x1c Drivers/STM32WBxx_HAL_Driver/stm32wbxx_hal_cortex.o
 .text.__NVIC_SetPriority
                0x0000000008000b7c       0x54 Drivers/STM32WBxx_HAL_Driver/stm32wbxx_hal_cortex.o
 .text.NVIC_EncodePriority
                0x0000000008000bd0       0x66 Drivers/STM32WBxx_HAL_Driver/stm32wbxx_hal_cortex.o
 *fill*         0x0000000008000c36        0x2 
 .text.SysTick_Config
                0x0000000008000c38       0x44 Drivers/STM32WBxx_HAL_Driver/stm32wbxx_hal_cortex.o
 .text.HAL_NVIC_SetPriorityGrouping
                0x0000000008000c7c       0x16 Drivers/STM32WBxx_HAL_Driver/stm32wbxx_hal_cortex.o
                0x0000000008000c7c                HAL_NVIC_SetPriorityGrouping
 .text.HAL_NVIC_SetPriority
                0x0000000008000c92       0x34 Drivers/STM32WBxx_HAL_Driver/stm32wbxx_hal_cortex.o
                0x0000000008000c92                HAL_NVIC_SetPriority
 .text.HAL_SYSTICK_Config
                0x0000000008000cc6       0x18 Drivers/STM32WBxx_HAL_Driver/stm32wbxx_hal_cortex.o
                0x0000000008000cc6                HAL_SYSTICK_Config
 *fill*         0x0000000008000cde        0x2 
 .text.HAL_GPIO_Init
                0x0000000008000ce0      0x2e0 Drivers/STM32WBxx_HAL_Driver/stm32wbxx_hal_gpio.o
                0x0000000008000ce0                HAL_GPIO_Init
 .text.HAL_PWR_EnableBkUpAccess
                0x0000000008000fc0       0x20 Drivers/STM32WBxx_HAL_Driver/stm32wbxx_hal_pwr.o
                0x0000000008000fc0                HAL_PWR_EnableBkUpAccess
 .text.HAL_PWREx_GetVoltageRange
                0x0000000008000fe0       0x1c Drivers/STM32WBxx_HAL_Driver/stm32wbxx_hal_pwr_ex.o
                0x0000000008000fe0                HAL_PWREx_GetVoltageRange
 .text.LL_RCC_HSE_IsEnabledDiv2
                0x0000000008000ffc       0x24 Drivers/STM32WBxx_HAL_Driver/stm32wbxx_hal_rcc.o
 .text.LL_RCC_HSE_EnableBypass
                0x0000000008001020       0x1e Drivers/STM32WBxx_HAL_Driver/stm32wbxx_hal_rcc.o
 .text.LL_RCC_HSE_DisableBypass
                0x000000000800103e       0x1e Drivers/STM32WBxx_HAL_Driver/stm32wbxx_hal_rcc.o
 .text.LL_RCC_HSE_Enable
                0x000000000800105c       0x1e Drivers/STM32WBxx_HAL_Driver/stm32wbxx_hal_rcc.o
 .text.LL_RCC_HSE_Disable
                0x000000000800107a       0x1e Drivers/STM32WBxx_HAL_Driver/stm32wbxx_hal_rcc.o
 .text.LL_RCC_HSE_IsReady
                0x0000000008001098       0x24 Drivers/STM32WBxx_HAL_Driver/stm32wbxx_hal_rcc.o
 .text.LL_RCC_HSI_Enable
                0x00000000080010bc       0x1e Drivers/STM32WBxx_HAL_Driver/stm32wbxx_hal_rcc.o
 .text.LL_RCC_HSI_Disable
                0x00000000080010da       0x1e Drivers/STM32WBxx_HAL_Driver/stm32wbxx_hal_rcc.o
 .text.LL_RCC_HSI_IsReady
                0x00000000080010f8       0x24 Drivers/STM32WBxx_HAL_Driver/stm32wbxx_hal_rcc.o
 .text.LL_RCC_HSI_SetCalibTrimming
                0x000000000800111c       0x2a Drivers/STM32WBxx_HAL_Driver/stm32wbxx_hal_rcc.o
 .text.LL_RCC_HSI48_Enable
                0x0000000008001146       0x22 Drivers/STM32WBxx_HAL_Driver/stm32wbxx_hal_rcc.o
 .text.LL_RCC_HSI48_Disable
                0x0000000008001168       0x22 Drivers/STM32WBxx_HAL_Driver/stm32wbxx_hal_rcc.o
 .text.LL_RCC_HSI48_IsReady
                0x000000000800118a       0x24 Drivers/STM32WBxx_HAL_Driver/stm32wbxx_hal_rcc.o
 .text.LL_RCC_LSE_Enable
                0x00000000080011ae       0x22 Drivers/STM32WBxx_HAL_Driver/stm32wbxx_hal_rcc.o
 .text.LL_RCC_LSE_Disable
                0x00000000080011d0       0x22 Drivers/STM32WBxx_HAL_Driver/stm32wbxx_hal_rcc.o
 .text.LL_RCC_LSE_EnableBypass
                0x00000000080011f2       0x22 Drivers/STM32WBxx_HAL_Driver/stm32wbxx_hal_rcc.o
 .text.LL_RCC_LSE_DisableBypass
                0x0000000008001214       0x22 Drivers/STM32WBxx_HAL_Driver/stm32wbxx_hal_rcc.o
 .text.LL_RCC_LSE_IsReady
                0x0000000008001236       0x24 Drivers/STM32WBxx_HAL_Driver/stm32wbxx_hal_rcc.o
 .text.LL_RCC_LSI1_Enable
                0x000000000800125a       0x22 Drivers/STM32WBxx_HAL_Driver/stm32wbxx_hal_rcc.o
 .text.LL_RCC_LSI1_Disable
                0x000000000800127c       0x22 Drivers/STM32WBxx_HAL_Driver/stm32wbxx_hal_rcc.o
 .text.LL_RCC_LSI1_IsReady
                0x000000000800129e       0x24 Drivers/STM32WBxx_HAL_Driver/stm32wbxx_hal_rcc.o
 .text.LL_RCC_LSI2_Enable
                0x00000000080012c2       0x22 Drivers/STM32WBxx_HAL_Driver/stm32wbxx_hal_rcc.o
 .text.LL_RCC_LSI2_Disable
                0x00000000080012e4       0x22 Drivers/STM32WBxx_HAL_Driver/stm32wbxx_hal_rcc.o
 .text.LL_RCC_LSI2_IsReady
                0x0000000008001306       0x24 Drivers/STM32WBxx_HAL_Driver/stm32wbxx_hal_rcc.o
 .text.LL_RCC_LSI2_SetTrimming
                0x000000000800132a       0x2e Drivers/STM32WBxx_HAL_Driver/stm32wbxx_hal_rcc.o
 .text.LL_RCC_MSI_Enable
                0x0000000008001358       0x1e Drivers/STM32WBxx_HAL_Driver/stm32wbxx_hal_rcc.o
 .text.LL_RCC_MSI_Disable
                0x0000000008001376       0x1e Drivers/STM32WBxx_HAL_Driver/stm32wbxx_hal_rcc.o
 .text.LL_RCC_MSI_IsReady
                0x0000000008001394       0x22 Drivers/STM32WBxx_HAL_Driver/stm32wbxx_hal_rcc.o
 .text.LL_RCC_MSI_SetRange
                0x00000000080013b6       0x28 Drivers/STM32WBxx_HAL_Driver/stm32wbxx_hal_rcc.o
 .text.LL_RCC_MSI_GetRange
                0x00000000080013de       0x2a Drivers/STM32WBxx_HAL_Driver/stm32wbxx_hal_rcc.o
 .text.LL_RCC_MSI_SetCalibTrimming
                0x0000000008001408       0x2a Drivers/STM32WBxx_HAL_Driver/stm32wbxx_hal_rcc.o
 .text.LL_RCC_SetSysClkSource
                0x0000000008001432       0x28 Drivers/STM32WBxx_HAL_Driver/stm32wbxx_hal_rcc.o
 .text.LL_RCC_GetSysClkSource
                0x000000000800145a       0x18 Drivers/STM32WBxx_HAL_Driver/stm32wbxx_hal_rcc.o
 .text.LL_RCC_SetAHBPrescaler
                0x0000000008001472       0x28 Drivers/STM32WBxx_HAL_Driver/stm32wbxx_hal_rcc.o
 .text.LL_C2_RCC_SetAHBPrescaler
                0x000000000800149a       0x2c Drivers/STM32WBxx_HAL_Driver/stm32wbxx_hal_rcc.o
 .text.LL_RCC_SetAHB4Prescaler
                0x00000000080014c6       0x2e Drivers/STM32WBxx_HAL_Driver/stm32wbxx_hal_rcc.o
 .text.LL_RCC_SetAPB1Prescaler
                0x00000000080014f4       0x28 Drivers/STM32WBxx_HAL_Driver/stm32wbxx_hal_rcc.o
 .text.LL_RCC_SetAPB2Prescaler
                0x000000000800151c       0x28 Drivers/STM32WBxx_HAL_Driver/stm32wbxx_hal_rcc.o
 .text.LL_RCC_GetAHBPrescaler
                0x0000000008001544       0x18 Drivers/STM32WBxx_HAL_Driver/stm32wbxx_hal_rcc.o
 .text.LL_RCC_GetAHB4Prescaler
                0x000000000800155c       0x1c Drivers/STM32WBxx_HAL_Driver/stm32wbxx_hal_rcc.o
 .text.LL_RCC_GetAPB1Prescaler
                0x0000000008001578       0x18 Drivers/STM32WBxx_HAL_Driver/stm32wbxx_hal_rcc.o
 .text.LL_RCC_GetAPB2Prescaler
                0x0000000008001590       0x18 Drivers/STM32WBxx_HAL_Driver/stm32wbxx_hal_rcc.o
 .text.LL_RCC_PLL_Enable
                0x00000000080015a8       0x1e Drivers/STM32WBxx_HAL_Driver/stm32wbxx_hal_rcc.o
 .text.LL_RCC_PLL_Disable
                0x00000000080015c6       0x1e Drivers/STM32WBxx_HAL_Driver/stm32wbxx_hal_rcc.o
 .text.LL_RCC_PLL_IsReady
                0x00000000080015e4       0x24 Drivers/STM32WBxx_HAL_Driver/stm32wbxx_hal_rcc.o
 .text.LL_RCC_PLL_GetN
                0x0000000008001608       0x1a Drivers/STM32WBxx_HAL_Driver/stm32wbxx_hal_rcc.o
 .text.LL_RCC_PLL_GetR
                0x0000000008001622       0x18 Drivers/STM32WBxx_HAL_Driver/stm32wbxx_hal_rcc.o
 .text.LL_RCC_PLL_GetDivider
                0x000000000800163a       0x18 Drivers/STM32WBxx_HAL_Driver/stm32wbxx_hal_rcc.o
 .text.LL_RCC_PLL_GetMainSource
                0x0000000008001652       0x18 Drivers/STM32WBxx_HAL_Driver/stm32wbxx_hal_rcc.o
 .text.LL_RCC_IsActiveFlag_HPRE
                0x000000000800166a       0x24 Drivers/STM32WBxx_HAL_Driver/stm32wbxx_hal_rcc.o
 .text.LL_RCC_IsActiveFlag_C2HPRE
                0x000000000800168e       0x26 Drivers/STM32WBxx_HAL_Driver/stm32wbxx_hal_rcc.o
 .text.LL_RCC_IsActiveFlag_SHDHPRE
                0x00000000080016b4       0x26 Drivers/STM32WBxx_HAL_Driver/stm32wbxx_hal_rcc.o
 .text.LL_RCC_IsActiveFlag_PPRE1
                0x00000000080016da       0x24 Drivers/STM32WBxx_HAL_Driver/stm32wbxx_hal_rcc.o
 .text.LL_RCC_IsActiveFlag_PPRE2
                0x00000000080016fe       0x24 Drivers/STM32WBxx_HAL_Driver/stm32wbxx_hal_rcc.o
 *fill*         0x0000000008001722        0x2 
 .text.HAL_RCC_OscConfig
                0x0000000008001724      0x728 Drivers/STM32WBxx_HAL_Driver/stm32wbxx_hal_rcc.o
                0x0000000008001724                HAL_RCC_OscConfig
 .text.HAL_RCC_ClockConfig
                0x0000000008001e4c      0x278 Drivers/STM32WBxx_HAL_Driver/stm32wbxx_hal_rcc.o
                0x0000000008001e4c                HAL_RCC_ClockConfig
 .text.HAL_RCC_GetSysClockFreq
                0x00000000080020c4       0xd8 Drivers/STM32WBxx_HAL_Driver/stm32wbxx_hal_rcc.o
                0x00000000080020c4                HAL_RCC_GetSysClockFreq
 .text.HAL_RCC_GetHCLKFreq
                0x000000000800219c       0x28 Drivers/STM32WBxx_HAL_Driver/stm32wbxx_hal_rcc.o
                0x000000000800219c                HAL_RCC_GetHCLKFreq
 .text.HAL_RCC_GetPCLK1Freq
                0x00000000080021c4       0x2c Drivers/STM32WBxx_HAL_Driver/stm32wbxx_hal_rcc.o
                0x00000000080021c4                HAL_RCC_GetPCLK1Freq
 .text.HAL_RCC_GetPCLK2Freq
                0x00000000080021f0       0x2c Drivers/STM32WBxx_HAL_Driver/stm32wbxx_hal_rcc.o
                0x00000000080021f0                HAL_RCC_GetPCLK2Freq
 .text.RCC_SetFlashLatencyFromMSIRange
                0x000000000800221c       0x70 Drivers/STM32WBxx_HAL_Driver/stm32wbxx_hal_rcc.o
 .text.RCC_SetFlashLatency
                0x000000000800228c      0x100 Drivers/STM32WBxx_HAL_Driver/stm32wbxx_hal_rcc.o
 .text.LL_RCC_GetUSARTClockSource
                0x000000000800238c       0x20 Drivers/STM32WBxx_HAL_Driver/stm32wbxx_hal_uart.o
 .text.LL_RCC_GetLPUARTClockSource
                0x00000000080023ac       0x20 Drivers/STM32WBxx_HAL_Driver/stm32wbxx_hal_uart.o
 .text.HAL_UART_Init
                0x00000000080023cc       0xa0 Drivers/STM32WBxx_HAL_Driver/stm32wbxx_hal_uart.o
                0x00000000080023cc                HAL_UART_Init
 .text.HAL_UART_Transmit
                0x000000000800246c      0x12c Drivers/STM32WBxx_HAL_Driver/stm32wbxx_hal_uart.o
                0x000000000800246c                HAL_UART_Transmit
 .text.UART_SetConfig
                0x0000000008002598      0x41c Drivers/STM32WBxx_HAL_Driver/stm32wbxx_hal_uart.o
                0x0000000008002598                UART_SetConfig
 .text.UART_AdvFeatureConfig
                0x00000000080029b4      0x144 Drivers/STM32WBxx_HAL_Driver/stm32wbxx_hal_uart.o
                0x00000000080029b4                UART_AdvFeatureConfig
 .text.UART_CheckIdleState
                0x0000000008002af8       0x90 Drivers/STM32WBxx_HAL_Driver/stm32wbxx_hal_uart.o
                0x0000000008002af8                UART_CheckIdleState
 .text.UART_WaitOnFlagUntilTimeout
                0x0000000008002b88      0x100 Drivers/STM32WBxx_HAL_Driver/stm32wbxx_hal_uart.o
                0x0000000008002b88                UART_WaitOnFlagUntilTimeout
 .text.HAL_UARTEx_DisableFifoMode
                0x0000000008002c88       0x72 Drivers/STM32WBxx_HAL_Driver/stm32wbxx_hal_uart_ex.o
                0x0000000008002c88                HAL_UARTEx_DisableFifoMode
 .text.HAL_UARTEx_SetTxFifoThreshold
                0x0000000008002cfa       0x7c Drivers/STM32WBxx_HAL_Driver/stm32wbxx_hal_uart_ex.o
                0x0000000008002cfa                HAL_UARTEx_SetTxFifoThreshold
 .text.HAL_UARTEx_SetRxFifoThreshold
                0x0000000008002d76       0x7c Drivers/STM32WBxx_HAL_Driver/stm32wbxx_hal_uart_ex.o
                0x0000000008002d76                HAL_UARTEx_SetRxFifoThreshold
 *fill*         0x0000000008002df2        0x2 
 .text.UARTEx_SetNbDataToProcess
                0x0000000008002df4       0xd0 Drivers/STM32WBxx_HAL_Driver/stm32wbxx_hal_uart_ex.o
 .text.__libc_init_array
                0x0000000008002ec4       0x48 c:/st/stm32cubeide_1.4.0/stm32cubeide/plugins/com.st.stm32cube.ide.mcu.externaltools.gnu-tools-for-stm32.7-2018-q2-update.win32_1.4.0.202007081208/tools/bin/../lib/gcc/arm-none-eabi/7.3.1/../../../../arm-none-eabi/lib/thumb/v7e-m/fpv4-sp/hard\libc_nano.a(lib_a-init.o)
                0x0000000008002ec4                __libc_init_array
 .text.memset   0x0000000008002f0c       0x10 c:/st/stm32cubeide_1.4.0/stm32cubeide/plugins/com.st.stm32cube.ide.mcu.externaltools.gnu-tools-for-stm32.7-2018-q2-update.win32_1.4.0.202007081208/tools/bin/../lib/gcc/arm-none-eabi/7.3.1/../../../../arm-none-eabi/lib/thumb/v7e-m/fpv4-sp/hard\libc_nano.a(lib_a-memset.o)
                0x0000000008002f0c                memset
 *(.glue_7)
 .glue_7        0x0000000008002f1c        0x0 linker stubs
 *(.glue_7t)
 .glue_7t       0x0000000008002f1c        0x0 linker stubs
 *(.eh_frame)
 .eh_frame      0x0000000008002f1c        0x0 c:/st/stm32cubeide_1.4.0/stm32cubeide/plugins/com.st.stm32cube.ide.mcu.externaltools.gnu-tools-for-stm32.7-2018-q2-update.win32_1.4.0.202007081208/tools/bin/../lib/gcc/arm-none-eabi/7.3.1/thumb/v7e-m/fpv4-sp/hard/crtbegin.o
 *(.init)
 .init          0x0000000008002f1c        0x4 c:/st/stm32cubeide_1.4.0/stm32cubeide/plugins/com.st.stm32cube.ide.mcu.externaltools.gnu-tools-for-stm32.7-2018-q2-update.win32_1.4.0.202007081208/tools/bin/../lib/gcc/arm-none-eabi/7.3.1/thumb/v7e-m/fpv4-sp/hard/crti.o
                0x0000000008002f1c                _init
 .init          0x0000000008002f20        0x8 c:/st/stm32cubeide_1.4.0/stm32cubeide/plugins/com.st.stm32cube.ide.mcu.externaltools.gnu-tools-for-stm32.7-2018-q2-update.win32_1.4.0.202007081208/tools/bin/../lib/gcc/arm-none-eabi/7.3.1/thumb/v7e-m/fpv4-sp/hard/crtn.o
 *(.fini)
 .fini          0x0000000008002f28        0x4 c:/st/stm32cubeide_1.4.0/stm32cubeide/plugins/com.st.stm32cube.ide.mcu.externaltools.gnu-tools-for-stm32.7-2018-q2-update.win32_1.4.0.202007081208/tools/bin/../lib/gcc/arm-none-eabi/7.3.1/thumb/v7e-m/fpv4-sp/hard/crti.o
                0x0000000008002f28                _fini
 .fini          0x0000000008002f2c        0x8 c:/st/stm32cubeide_1.4.0/stm32cubeide/plugins/com.st.stm32cube.ide.mcu.externaltools.gnu-tools-for-stm32.7-2018-q2-update.win32_1.4.0.202007081208/tools/bin/../lib/gcc/arm-none-eabi/7.3.1/thumb/v7e-m/fpv4-sp/hard/crtn.o
                0x0000000008002f34                . = ALIGN (0x4)
                0x0000000008002f34                _etext = .

.vfp11_veneer   0x0000000008002f34        0x0
 .vfp11_veneer  0x0000000008002f34        0x0 linker stubs

.v4_bx          0x0000000008002f34        0x0
 .v4_bx         0x0000000008002f34        0x0 linker stubs

.iplt           0x0000000008002f34        0x0
 .iplt          0x0000000008002f34        0x0 c:/st/stm32cubeide_1.4.0/stm32cubeide/plugins/com.st.stm32cube.ide.mcu.externaltools.gnu-tools-for-stm32.7-2018-q2-update.win32_1.4.0.202007081208/tools/bin/../lib/gcc/arm-none-eabi/7.3.1/thumb/v7e-m/fpv4-sp/hard/crtbegin.o

.rodata         0x0000000008002f34      0x114
                0x0000000008002f34                . = ALIGN (0x4)
 *(.rodata)
 .rodata        0x0000000008002f34       0x20 Application/User/main.o
 .rodata        0x0000000008002f54       0x2c Drivers/STM32WBxx_HAL_Driver/stm32wbxx_hal_rcc.o
 .rodata        0x0000000008002f80       0x10 Drivers/STM32WBxx_HAL_Driver/stm32wbxx_hal_uart_ex.o
 *(.rodata*)
 .rodata.AHBPrescTable
                0x0000000008002f90       0x40 Drivers/CMSIS/system_stm32wbxx.o
                0x0000000008002f90                AHBPrescTable
 .rodata.APBPrescTable
                0x0000000008002fd0       0x20 Drivers/CMSIS/system_stm32wbxx.o
                0x0000000008002fd0                APBPrescTable
 .rodata.MSIRangeTable
                0x0000000008002ff0       0x40 Drivers/CMSIS/system_stm32wbxx.o
                0x0000000008002ff0                MSIRangeTable
 .rodata.UARTPrescTable
                0x0000000008003030       0x18 Drivers/STM32WBxx_HAL_Driver/stm32wbxx_hal_uart.o
                0x0000000008003030                UARTPrescTable
                0x0000000008003048                . = ALIGN (0x4)

.ARM.extab
 *(.ARM.extab* .gnu.linkonce.armextab.*)

.ARM            0x0000000008003048        0x8
                0x0000000008003048                __exidx_start = .
 *(.ARM.exidx*)
 .ARM.exidx     0x0000000008003048        0x8 c:/st/stm32cubeide_1.4.0/stm32cubeide/plugins/com.st.stm32cube.ide.mcu.externaltools.gnu-tools-for-stm32.7-2018-q2-update.win32_1.4.0.202007081208/tools/bin/../lib/gcc/arm-none-eabi/7.3.1/thumb/v7e-m/fpv4-sp/hard\libgcc.a(_udivmoddi4.o)
                0x0000000008003050                __exidx_end = .

.rel.dyn        0x0000000008003050        0x0
 .rel.iplt      0x0000000008003050        0x0 c:/st/stm32cubeide_1.4.0/stm32cubeide/plugins/com.st.stm32cube.ide.mcu.externaltools.gnu-tools-for-stm32.7-2018-q2-update.win32_1.4.0.202007081208/tools/bin/../lib/gcc/arm-none-eabi/7.3.1/thumb/v7e-m/fpv4-sp/hard/crtbegin.o

.preinit_array  0x0000000008003050        0x0
                0x0000000008003050                PROVIDE (__preinit_array_start = .)
 *(.preinit_array*)
                0x0000000008003050                PROVIDE (__preinit_array_end = .)

.init_array     0x0000000008003050        0x4
                0x0000000008003050                PROVIDE (__init_array_start = .)
 *(SORT_BY_NAME(.init_array.*))
 *(.init_array*)
 .init_array    0x0000000008003050        0x4 c:/st/stm32cubeide_1.4.0/stm32cubeide/plugins/com.st.stm32cube.ide.mcu.externaltools.gnu-tools-for-stm32.7-2018-q2-update.win32_1.4.0.202007081208/tools/bin/../lib/gcc/arm-none-eabi/7.3.1/thumb/v7e-m/fpv4-sp/hard/crtbegin.o
                0x0000000008003054                PROVIDE (__init_array_end = .)

.fini_array     0x0000000008003054        0x4
                [!provide]                        PROVIDE (__fini_array_start = .)
 *(SORT_BY_NAME(.fini_array.*))
 *(.fini_array*)
 .fini_array    0x0000000008003054        0x4 c:/st/stm32cubeide_1.4.0/stm32cubeide/plugins/com.st.stm32cube.ide.mcu.externaltools.gnu-tools-for-stm32.7-2018-q2-update.win32_1.4.0.202007081208/tools/bin/../lib/gcc/arm-none-eabi/7.3.1/thumb/v7e-m/fpv4-sp/hard/crtbegin.o
                [!provide]                        PROVIDE (__fini_array_end = .)
                0x0000000008003058                _sidata = LOADADDR (.data)

.data           0x0000000020000004        0xc load address 0x0000000008003058
                0x0000000020000004                . = ALIGN (0x4)
                0x0000000020000004                _sdata = .
 *(.data)
 *(.data*)
 .data.SystemCoreClock
                0x0000000020000004        0x4 Drivers/CMSIS/system_stm32wbxx.o
                0x0000000020000004                SystemCoreClock
 .data.uwTickPrio
                0x0000000020000008        0x4 Drivers/STM32WBxx_HAL_Driver/stm32wbxx_hal.o
                0x0000000020000008                uwTickPrio
 .data.uwTickFreq
                0x000000002000000c        0x1 Drivers/STM32WBxx_HAL_Driver/stm32wbxx_hal.o
                0x000000002000000c                uwTickFreq
                0x0000000020000010                . = ALIGN (0x4)
 *fill*         0x000000002000000d        0x3 
                0x0000000020000010                _edata = .

.igot.plt       0x0000000020000010        0x0 load address 0x0000000008003064
 .igot.plt      0x0000000020000010        0x0 c:/st/stm32cubeide_1.4.0/stm32cubeide/plugins/com.st.stm32cube.ide.mcu.externaltools.gnu-tools-for-stm32.7-2018-q2-update.win32_1.4.0.202007081208/tools/bin/../lib/gcc/arm-none-eabi/7.3.1/thumb/v7e-m/fpv4-sp/hard/crtbegin.o
                0x0000000020000010                . = ALIGN (0x4)

.bss            0x0000000020000010       0xac load address 0x0000000008003064
                0x0000000020000010                _sbss = .
                0x0000000020000010                __bss_start__ = _sbss
 *(.bss)
 .bss           0x0000000020000010       0x1c c:/st/stm32cubeide_1.4.0/stm32cubeide/plugins/com.st.stm32cube.ide.mcu.externaltools.gnu-tools-for-stm32.7-2018-q2-update.win32_1.4.0.202007081208/tools/bin/../lib/gcc/arm-none-eabi/7.3.1/thumb/v7e-m/fpv4-sp/hard/crtbegin.o
 *(.bss*)
 *(COMMON)
 COMMON         0x000000002000002c       0x8c Application/User/main.o
                0x000000002000002c                huart1
 COMMON         0x00000000200000b8        0x4 Drivers/STM32WBxx_HAL_Driver/stm32wbxx_hal.o
                0x00000000200000b8                uwTick
                0x00000000200000bc                . = ALIGN (0x4)
                0x00000000200000bc                _ebss = .
                0x00000000200000bc                __bss_end__ = _ebss

._user_heap_stack
                0x00000000200000bc      0x604 load address 0x0000000008003064
                0x00000000200000c0                . = ALIGN (0x8)
 *fill*         0x00000000200000bc        0x4 
                0x00000000200000c0                PROVIDE (end = .)
                [!provide]                        PROVIDE (_end = .)
                0x00000000200002c0                . = (. + _Min_Heap_Size)
 *fill*         0x00000000200000c0      0x200 
                0x00000000200006c0                . = (. + _Min_Stack_Size)
 *fill*         0x00000000200002c0      0x400 
                0x00000000200006c0                . = ALIGN (0x8)

/DISCARD/
 libc.a(*)
 libm.a(*)
 libgcc.a(*)

.ARM.attributes
                0x0000000000000000       0x30
 *(.ARM.attributes)
 .ARM.attributes
                0x0000000000000000       0x22 c:/st/stm32cubeide_1.4.0/stm32cubeide/plugins/com.st.stm32cube.ide.mcu.externaltools.gnu-tools-for-stm32.7-2018-q2-update.win32_1.4.0.202007081208/tools/bin/../lib/gcc/arm-none-eabi/7.3.1/thumb/v7e-m/fpv4-sp/hard/crti.o
 .ARM.attributes
                0x0000000000000022       0x34 c:/st/stm32cubeide_1.4.0/stm32cubeide/plugins/com.st.stm32cube.ide.mcu.externaltools.gnu-tools-for-stm32.7-2018-q2-update.win32_1.4.0.202007081208/tools/bin/../lib/gcc/arm-none-eabi/7.3.1/thumb/v7e-m/fpv4-sp/hard/crtbegin.o
 .ARM.attributes
                0x0000000000000056       0x21 Application/Startup/startup_stm32wb55rgvx.o
 .ARM.attributes
                0x0000000000000077       0x39 Application/User/main.o
 .ARM.attributes
                0x00000000000000b0       0x39 Application/User/stm32wbxx_hal_msp.o
 .ARM.attributes
                0x00000000000000e9       0x39 Application/User/stm32wbxx_it.o
 .ARM.attributes
                0x0000000000000122       0x39 Drivers/CMSIS/system_stm32wbxx.o
 .ARM.attributes
                0x000000000000015b       0x39 Drivers/STM32WBxx_HAL_Driver/stm32wbxx_hal.o
 .ARM.attributes
                0x0000000000000194       0x39 Drivers/STM32WBxx_HAL_Driver/stm32wbxx_hal_cortex.o
 .ARM.attributes
                0x00000000000001cd       0x39 Drivers/STM32WBxx_HAL_Driver/stm32wbxx_hal_gpio.o
 .ARM.attributes
                0x0000000000000206       0x39 Drivers/STM32WBxx_HAL_Driver/stm32wbxx_hal_pwr.o
 .ARM.attributes
                0x000000000000023f       0x39 Drivers/STM32WBxx_HAL_Driver/stm32wbxx_hal_pwr_ex.o
 .ARM.attributes
                0x0000000000000278       0x39 Drivers/STM32WBxx_HAL_Driver/stm32wbxx_hal_rcc.o
 .ARM.attributes
                0x00000000000002b1       0x39 Drivers/STM32WBxx_HAL_Driver/stm32wbxx_hal_uart.o
 .ARM.attributes
                0x00000000000002ea       0x39 Drivers/STM32WBxx_HAL_Driver/stm32wbxx_hal_uart_ex.o
 .ARM.attributes
                0x0000000000000323       0x34 c:/st/stm32cubeide_1.4.0/stm32cubeide/plugins/com.st.stm32cube.ide.mcu.externaltools.gnu-tools-for-stm32.7-2018-q2-update.win32_1.4.0.202007081208/tools/bin/../lib/gcc/arm-none-eabi/7.3.1/../../../../arm-none-eabi/lib/thumb/v7e-m/fpv4-sp/hard\libc_nano.a(lib_a-init.o)
 .ARM.attributes
                0x0000000000000357       0x34 c:/st/stm32cubeide_1.4.0/stm32cubeide/plugins/com.st.stm32cube.ide.mcu.externaltools.gnu-tools-for-stm32.7-2018-q2-update.win32_1.4.0.202007081208/tools/bin/../lib/gcc/arm-none-eabi/7.3.1/../../../../arm-none-eabi/lib/thumb/v7e-m/fpv4-sp/hard\libc_nano.a(lib_a-memset.o)
 .ARM.attributes
                0x000000000000038b       0x22 c:/st/stm32cubeide_1.4.0/stm32cubeide/plugins/com.st.stm32cube.ide.mcu.externaltools.gnu-tools-for-stm32.7-2018-q2-update.win32_1.4.0.202007081208/tools/bin/../lib/gcc/arm-none-eabi/7.3.1/thumb/v7e-m/fpv4-sp/hard\libgcc.a(_aeabi_uldivmod.o)
 .ARM.attributes
                0x00000000000003ad       0x34 c:/st/stm32cubeide_1.4.0/stm32cubeide/plugins/com.st.stm32cube.ide.mcu.externaltools.gnu-tools-for-stm32.7-2018-q2-update.win32_1.4.0.202007081208/tools/bin/../lib/gcc/arm-none-eabi/7.3.1/thumb/v7e-m/fpv4-sp/hard\libgcc.a(_udivmoddi4.o)
 .ARM.attributes
                0x00000000000003e1       0x22 c:/st/stm32cubeide_1.4.0/stm32cubeide/plugins/com.st.stm32cube.ide.mcu.externaltools.gnu-tools-for-stm32.7-2018-q2-update.win32_1.4.0.202007081208/tools/bin/../lib/gcc/arm-none-eabi/7.3.1/thumb/v7e-m/fpv4-sp/hard\libgcc.a(_dvmd_tls.o)
 .ARM.attributes
                0x0000000000000403       0x22 c:/st/stm32cubeide_1.4.0/stm32cubeide/plugins/com.st.stm32cube.ide.mcu.externaltools.gnu-tools-for-stm32.7-2018-q2-update.win32_1.4.0.202007081208/tools/bin/../lib/gcc/arm-none-eabi/7.3.1/thumb/v7e-m/fpv4-sp/hard/crtn.o

MAPPING_TABLE
 *(MAPPING_TABLE)

MB_MEM1
 *(MB_MEM1)

MB_MEM2         0x0000000020030000        0x0
                0x0000000020030000                _sMB_MEM2 = .
 *(MB_MEM2)
                0x0000000020030000                _eMB_MEM2 = .
OUTPUT(GPIO_IOToggle.elf elf32-littlearm)

.debug_line     0x0000000000000000     0x8d02
 .debug_line    0x0000000000000000       0x98 Application/Startup/startup_stm32wb55rgvx.o
 .debug_line    0x0000000000000098      0x8e0 Application/User/main.o
 .debug_line    0x0000000000000978      0x8af Application/User/stm32wbxx_hal_msp.o
 .debug_line    0x0000000000001227      0x8ba Application/User/stm32wbxx_it.o
 .debug_line    0x0000000000001ae1      0x81b Drivers/CMSIS/system_stm32wbxx.o
 .debug_line    0x00000000000022fc      0xdf9 Drivers/STM32WBxx_HAL_Driver/stm32wbxx_hal.o
 .debug_line    0x00000000000030f5      0xabf Drivers/STM32WBxx_HAL_Driver/stm32wbxx_hal_cortex.o
 .debug_line    0x0000000000003bb4      0x94c Drivers/STM32WBxx_HAL_Driver/stm32wbxx_hal_gpio.o
 .debug_line    0x0000000000004500      0x9ac Drivers/STM32WBxx_HAL_Driver/stm32wbxx_hal_pwr.o
 .debug_line    0x0000000000004eac      0xe94 Drivers/STM32WBxx_HAL_Driver/stm32wbxx_hal_pwr_ex.o
 .debug_line    0x0000000000005d40     0x1114 Drivers/STM32WBxx_HAL_Driver/stm32wbxx_hal_rcc.o
 .debug_line    0x0000000000006e54     0x1480 Drivers/STM32WBxx_HAL_Driver/stm32wbxx_hal_uart.o
 .debug_line    0x00000000000082d4      0xa2e Drivers/STM32WBxx_HAL_Driver/stm32wbxx_hal_uart_ex.o

.debug_info     0x0000000000000000     0xabc6
 .debug_info    0x0000000000000000       0x22 Application/Startup/startup_stm32wb55rgvx.o
 .debug_info    0x0000000000000022      0xec5 Application/User/main.o
 .debug_info    0x0000000000000ee7      0xdc0 Application/User/stm32wbxx_hal_msp.o
 .debug_info    0x0000000000001ca7      0x2cf Application/User/stm32wbxx_it.o
 .debug_info    0x0000000000001f76      0x81c Drivers/CMSIS/system_stm32wbxx.o
 .debug_info    0x0000000000002792     0x138f Drivers/STM32WBxx_HAL_Driver/stm32wbxx_hal.o
 .debug_info    0x0000000000003b21      0xe50 Drivers/STM32WBxx_HAL_Driver/stm32wbxx_hal_cortex.o
 .debug_info    0x0000000000004971      0x83b Drivers/STM32WBxx_HAL_Driver/stm32wbxx_hal_gpio.o
 .debug_info    0x00000000000051ac      0xa48 Drivers/STM32WBxx_HAL_Driver/stm32wbxx_hal_pwr.o
 .debug_info    0x0000000000005bf4     0x119a Drivers/STM32WBxx_HAL_Driver/stm32wbxx_hal_pwr_ex.o
 .debug_info    0x0000000000006d8e     0x15bf Drivers/STM32WBxx_HAL_Driver/stm32wbxx_hal_rcc.o
 .debug_info    0x000000000000834d     0x1bf4 Drivers/STM32WBxx_HAL_Driver/stm32wbxx_hal_uart.o
 .debug_info    0x0000000000009f41      0xc85 Drivers/STM32WBxx_HAL_Driver/stm32wbxx_hal_uart_ex.o

.debug_abbrev   0x0000000000000000     0x18e0
 .debug_abbrev  0x0000000000000000       0x12 Application/Startup/startup_stm32wb55rgvx.o
 .debug_abbrev  0x0000000000000012      0x205 Application/User/main.o
 .debug_abbrev  0x0000000000000217      0x1e0 Application/User/stm32wbxx_hal_msp.o
 .debug_abbrev  0x00000000000003f7       0xe2 Application/User/stm32wbxx_it.o
 .debug_abbrev  0x00000000000004d9      0x163 Drivers/CMSIS/system_stm32wbxx.o
 .debug_abbrev  0x000000000000063c      0x2df Drivers/STM32WBxx_HAL_Driver/stm32wbxx_hal.o
 .debug_abbrev  0x000000000000091b      0x2f1 Drivers/STM32WBxx_HAL_Driver/stm32wbxx_hal_cortex.o
 .debug_abbrev  0x0000000000000c0c      0x1d3 Drivers/STM32WBxx_HAL_Driver/stm32wbxx_hal_gpio.o
 .debug_abbrev  0x0000000000000ddf      0x1b9 Drivers/STM32WBxx_HAL_Driver/stm32wbxx_hal_pwr.o
 .debug_abbrev  0x0000000000000f98      0x2d6 Drivers/STM32WBxx_HAL_Driver/stm32wbxx_hal_pwr_ex.o
 .debug_abbrev  0x000000000000126e      0x24a Drivers/STM32WBxx_HAL_Driver/stm32wbxx_hal_rcc.o
 .debug_abbrev  0x00000000000014b8      0x246 Drivers/STM32WBxx_HAL_Driver/stm32wbxx_hal_uart.o
 .debug_abbrev  0x00000000000016fe      0x1e2 Drivers/STM32WBxx_HAL_Driver/stm32wbxx_hal_uart_ex.o

.debug_aranges  0x0000000000000000      0xdd8
 .debug_aranges
                0x0000000000000000       0x30 Application/Startup/startup_stm32wb55rgvx.o
 .debug_aranges
                0x0000000000000030       0x48 Application/User/main.o
 .debug_aranges
                0x0000000000000078       0x48 Application/User/stm32wbxx_hal_msp.o
 .debug_aranges
                0x00000000000000c0       0x50 Application/User/stm32wbxx_it.o
 .debug_aranges
                0x0000000000000110       0x28 Drivers/CMSIS/system_stm32wbxx.o
 .debug_aranges
                0x0000000000000138      0x280 Drivers/STM32WBxx_HAL_Driver/stm32wbxx_hal.o
 .debug_aranges
                0x00000000000003b8      0x108 Drivers/STM32WBxx_HAL_Driver/stm32wbxx_hal_cortex.o
 .debug_aranges
                0x00000000000004c0       0x58 Drivers/STM32WBxx_HAL_Driver/stm32wbxx_hal_gpio.o
 .debug_aranges
                0x0000000000000518       0xd0 Drivers/STM32WBxx_HAL_Driver/stm32wbxx_hal_pwr.o
 .debug_aranges
                0x00000000000005e8      0x288 Drivers/STM32WBxx_HAL_Driver/stm32wbxx_hal_pwr_ex.o
 .debug_aranges
                0x0000000000000870      0x2a0 Drivers/STM32WBxx_HAL_Driver/stm32wbxx_hal_rcc.o
 .debug_aranges
                0x0000000000000b10      0x240 Drivers/STM32WBxx_HAL_Driver/stm32wbxx_hal_uart.o
 .debug_aranges
                0x0000000000000d50       0x88 Drivers/STM32WBxx_HAL_Driver/stm32wbxx_hal_uart_ex.o

.debug_str      0x0000000000000000    0xd0d74
 .debug_str     0x0000000000000000       0xc5 Application/Startup/startup_stm32wb55rgvx.o
 .debug_str     0x00000000000000c5    0xcceb7 Application/User/main.o
                                      0xcda13 (size before relaxing)
 .debug_str     0x00000000000ccf7c      0x128 Application/User/stm32wbxx_hal_msp.o
                                      0xcd8c2 (size before relaxing)
 .debug_str     0x00000000000cd0a4      0x106 Application/User/stm32wbxx_it.o
                                      0xcd148 (size before relaxing)
 .debug_str     0x00000000000cd1aa      0x15b Drivers/CMSIS/system_stm32wbxx.o
                                      0xcc5c1 (size before relaxing)
 .debug_str     0x00000000000cd305      0xdaf Drivers/STM32WBxx_HAL_Driver/stm32wbxx_hal.o
                                      0xcd3a5 (size before relaxing)
 .debug_str     0x00000000000ce0b4      0x3b7 Drivers/STM32WBxx_HAL_Driver/stm32wbxx_hal_cortex.o
                                      0xccbf6 (size before relaxing)
 .debug_str     0x00000000000ce46b      0x26a Drivers/STM32WBxx_HAL_Driver/stm32wbxx_hal_gpio.o
                                      0xcc5f5 (size before relaxing)
 .debug_str     0x00000000000ce6d5      0x5fc Drivers/STM32WBxx_HAL_Driver/stm32wbxx_hal_pwr.o
                                      0xcc9a0 (size before relaxing)
 .debug_str     0x00000000000cecd1      0x8d1 Drivers/STM32WBxx_HAL_Driver/stm32wbxx_hal_pwr_ex.o
                                      0xccede (size before relaxing)
 .debug_str     0x00000000000cf5a2      0xb6b Drivers/STM32WBxx_HAL_Driver/stm32wbxx_hal_rcc.o
                                      0xcd356 (size before relaxing)
 .debug_str     0x00000000000d010d      0x9a2 Drivers/STM32WBxx_HAL_Driver/stm32wbxx_hal_uart.o
                                      0xcd36d (size before relaxing)
 .debug_str     0x00000000000d0aaf      0x2c5 Drivers/STM32WBxx_HAL_Driver/stm32wbxx_hal_uart_ex.o
                                      0xcca5e (size before relaxing)

.debug_ranges   0x0000000000000000      0xd10
 .debug_ranges  0x0000000000000000       0x28 Application/Startup/startup_stm32wb55rgvx.o
 .debug_ranges  0x0000000000000028       0x38 Application/User/main.o
 .debug_ranges  0x0000000000000060       0x38 Application/User/stm32wbxx_hal_msp.o
 .debug_ranges  0x0000000000000098       0x40 Application/User/stm32wbxx_it.o
 .debug_ranges  0x00000000000000d8       0x18 Drivers/CMSIS/system_stm32wbxx.o
 .debug_ranges  0x00000000000000f0      0x270 Drivers/STM32WBxx_HAL_Driver/stm32wbxx_hal.o
 .debug_ranges  0x0000000000000360       0xf8 Drivers/STM32WBxx_HAL_Driver/stm32wbxx_hal_cortex.o
 .debug_ranges  0x0000000000000458       0x48 Drivers/STM32WBxx_HAL_Driver/stm32wbxx_hal_gpio.o
 .debug_ranges  0x00000000000004a0       0xc0 Drivers/STM32WBxx_HAL_Driver/stm32wbxx_hal_pwr.o
 .debug_ranges  0x0000000000000560      0x278 Drivers/STM32WBxx_HAL_Driver/stm32wbxx_hal_pwr_ex.o
 .debug_ranges  0x00000000000007d8      0x290 Drivers/STM32WBxx_HAL_Driver/stm32wbxx_hal_rcc.o
 .debug_ranges  0x0000000000000a68      0x230 Drivers/STM32WBxx_HAL_Driver/stm32wbxx_hal_uart.o
 .debug_ranges  0x0000000000000c98       0x78 Drivers/STM32WBxx_HAL_Driver/stm32wbxx_hal_uart_ex.o

.debug_macro    0x0000000000000000    0x20239
 .debug_macro   0x0000000000000000      0x221 Application/User/main.o
 .debug_macro   0x0000000000000221      0xa5a Application/User/main.o
 .debug_macro   0x0000000000000c7b      0x130 Application/User/main.o
 .debug_macro   0x0000000000000dab       0x2e Application/User/main.o
 .debug_macro   0x0000000000000dd9       0x2e Application/User/main.o
 .debug_macro   0x0000000000000e07       0x22 Application/User/main.o
 .debug_macro   0x0000000000000e29       0x8e Application/User/main.o
 .debug_macro   0x0000000000000eb7       0x51 Application/User/main.o
 .debug_macro   0x0000000000000f08       0xef Application/User/main.o
 .debug_macro   0x0000000000000ff7       0x6a Application/User/main.o
 .debug_macro   0x0000000000001061      0x1df Application/User/main.o
 .debug_macro   0x0000000000001240       0x1c Application/User/main.o
 .debug_macro   0x000000000000125c       0x22 Application/User/main.o
 .debug_macro   0x000000000000127e       0xdf Application/User/main.o
 .debug_macro   0x000000000000135d     0x102d Application/User/main.o
 .debug_macro   0x000000000000238a      0x11f Application/User/main.o
 .debug_macro   0x00000000000024a9    0x12ae2 Application/User/main.o
 .debug_macro   0x0000000000014f8b       0x42 Application/User/main.o
 .debug_macro   0x0000000000014fcd     0x3461 Application/User/main.o
 .debug_macro   0x000000000001842e      0x174 Application/User/main.o
 .debug_macro   0x00000000000185a2       0x5a Application/User/main.o
 .debug_macro   0x00000000000185fc      0x3f5 Application/User/main.o
 .debug_macro   0x00000000000189f1      0x286 Application/User/main.o
 .debug_macro   0x0000000000018c77      0x30d Application/User/main.o
 .debug_macro   0x0000000000018f84      0x17e Application/User/main.o
 .debug_macro   0x0000000000019102       0x43 Application/User/main.o
 .debug_macro   0x0000000000019145      0x236 Application/User/main.o
 .debug_macro   0x000000000001937b      0x24a Application/User/main.o
 .debug_macro   0x00000000000195c5      0x57b Application/User/main.o
 .debug_macro   0x0000000000019b40       0x1c Application/User/main.o
 .debug_macro   0x0000000000019b5c      0x100 Application/User/main.o
 .debug_macro   0x0000000000019c5c      0x137 Application/User/main.o
 .debug_macro   0x0000000000019d93      0x1ce Application/User/main.o
 .debug_macro   0x0000000000019f61      0x380 Application/User/main.o
 .debug_macro   0x000000000001a2e1      0x13e Application/User/main.o
 .debug_macro   0x000000000001a41f      0x140 Application/User/main.o
 .debug_macro   0x000000000001a55f      0x500 Application/User/main.o
 .debug_macro   0x000000000001aa5f      0x87b Application/User/main.o
 .debug_macro   0x000000000001b2da      0x259 Application/User/main.o
 .debug_macro   0x000000000001b533     0x1b29 Application/User/main.o
 .debug_macro   0x000000000001d05c       0xe4 Application/User/main.o
 .debug_macro   0x000000000001d140      0x5e4 Application/User/main.o
 .debug_macro   0x000000000001d724      0x662 Application/User/main.o
 .debug_macro   0x000000000001dd86       0xa6 Application/User/main.o
 .debug_macro   0x000000000001de2c      0x557 Application/User/main.o
 .debug_macro   0x000000000001e383      0x433 Application/User/main.o
 .debug_macro   0x000000000001e7b6      0x205 Application/User/main.o
 .debug_macro   0x000000000001e9bb      0x221 Application/User/stm32wbxx_hal_msp.o
 .debug_macro   0x000000000001ebdc      0x22b Application/User/stm32wbxx_it.o
 .debug_macro   0x000000000001ee07      0x21b Drivers/CMSIS/system_stm32wbxx.o
 .debug_macro   0x000000000001f022      0x232 Drivers/STM32WBxx_HAL_Driver/stm32wbxx_hal.o
 .debug_macro   0x000000000001f254      0x20e Drivers/STM32WBxx_HAL_Driver/stm32wbxx_hal_cortex.o
 .debug_macro   0x000000000001f462      0x246 Drivers/STM32WBxx_HAL_Driver/stm32wbxx_hal_gpio.o
 .debug_macro   0x000000000001f6a8      0x280 Drivers/STM32WBxx_HAL_Driver/stm32wbxx_hal_pwr.o
 .debug_macro   0x000000000001f928      0x220 Drivers/STM32WBxx_HAL_Driver/stm32wbxx_hal_pwr_ex.o
 .debug_macro   0x000000000001fb48      0x29e Drivers/STM32WBxx_HAL_Driver/stm32wbxx_hal_rcc.o
 .debug_macro   0x000000000001fde6      0x239 Drivers/STM32WBxx_HAL_Driver/stm32wbxx_hal_uart.o
 .debug_macro   0x000000000002001f      0x21a Drivers/STM32WBxx_HAL_Driver/stm32wbxx_hal_uart_ex.o

.comment        0x0000000000000000       0x7b
 .comment       0x0000000000000000       0x7b Application/User/main.o
                                         0x7c (size before relaxing)
 .comment       0x000000000000007b       0x7c Application/User/stm32wbxx_hal_msp.o
 .comment       0x000000000000007b       0x7c Application/User/stm32wbxx_it.o
 .comment       0x000000000000007b       0x7c Drivers/CMSIS/system_stm32wbxx.o
 .comment       0x000000000000007b       0x7c Drivers/STM32WBxx_HAL_Driver/stm32wbxx_hal.o
 .comment       0x000000000000007b       0x7c Drivers/STM32WBxx_HAL_Driver/stm32wbxx_hal_cortex.o
 .comment       0x000000000000007b       0x7c Drivers/STM32WBxx_HAL_Driver/stm32wbxx_hal_gpio.o
 .comment       0x000000000000007b       0x7c Drivers/STM32WBxx_HAL_Driver/stm32wbxx_hal_pwr.o
 .comment       0x000000000000007b       0x7c Drivers/STM32WBxx_HAL_Driver/stm32wbxx_hal_pwr_ex.o
 .comment       0x000000000000007b       0x7c Drivers/STM32WBxx_HAL_Driver/stm32wbxx_hal_rcc.o
 .comment       0x000000000000007b       0x7c Drivers/STM32WBxx_HAL_Driver/stm32wbxx_hal_uart.o
 .comment       0x000000000000007b       0x7c Drivers/STM32WBxx_HAL_Driver/stm32wbxx_hal_uart_ex.o

.debug_frame    0x0000000000000000     0x3900
 .debug_frame   0x0000000000000000       0xd0 Application/User/main.o
 .debug_frame   0x00000000000000d0       0xf0 Application/User/stm32wbxx_hal_msp.o
 .debug_frame   0x00000000000001c0       0xdc Application/User/stm32wbxx_it.o
 .debug_frame   0x000000000000029c       0x58 Drivers/CMSIS/system_stm32wbxx.o
 .debug_frame   0x00000000000002f4      0xa34 Drivers/STM32WBxx_HAL_Driver/stm32wbxx_hal.o
 .debug_frame   0x0000000000000d28      0x44c Drivers/STM32WBxx_HAL_Driver/stm32wbxx_hal_cortex.o
 .debug_frame   0x0000000000001174      0x14c Drivers/STM32WBxx_HAL_Driver/stm32wbxx_hal_gpio.o
 .debug_frame   0x00000000000012c0      0x344 Drivers/STM32WBxx_HAL_Driver/stm32wbxx_hal_pwr.o
 .debug_frame   0x0000000000001604      0xb00 Drivers/STM32WBxx_HAL_Driver/stm32wbxx_hal_pwr_ex.o
 .debug_frame   0x0000000000002104      0xac8 Drivers/STM32WBxx_HAL_Driver/stm32wbxx_hal_rcc.o
 .debug_frame   0x0000000000002bcc      0xa5c Drivers/STM32WBxx_HAL_Driver/stm32wbxx_hal_uart.o
 .debug_frame   0x0000000000003628      0x22c Drivers/STM32WBxx_HAL_Driver/stm32wbxx_hal_uart_ex.o
 .debug_frame   0x0000000000003854       0x2c c:/st/stm32cubeide_1.4.0/stm32cubeide/plugins/com.st.stm32cube.ide.mcu.externaltools.gnu-tools-for-stm32.7-2018-q2-update.win32_1.4.0.202007081208/tools/bin/../lib/gcc/arm-none-eabi/7.3.1/../../../../arm-none-eabi/lib/thumb/v7e-m/fpv4-sp/hard\libc_nano.a(lib_a-init.o)
 .debug_frame   0x0000000000003880       0x20 c:/st/stm32cubeide_1.4.0/stm32cubeide/plugins/com.st.stm32cube.ide.mcu.externaltools.gnu-tools-for-stm32.7-2018-q2-update.win32_1.4.0.202007081208/tools/bin/../lib/gcc/arm-none-eabi/7.3.1/../../../../arm-none-eabi/lib/thumb/v7e-m/fpv4-sp/hard\libc_nano.a(lib_a-memset.o)
 .debug_frame   0x00000000000038a0       0x2c c:/st/stm32cubeide_1.4.0/stm32cubeide/plugins/com.st.stm32cube.ide.mcu.externaltools.gnu-tools-for-stm32.7-2018-q2-update.win32_1.4.0.202007081208/tools/bin/../lib/gcc/arm-none-eabi/7.3.1/thumb/v7e-m/fpv4-sp/hard\libgcc.a(_aeabi_uldivmod.o)
 .debug_frame   0x00000000000038cc       0x34 c:/st/stm32cubeide_1.4.0/stm32cubeide/plugins/com.st.stm32cube.ide.mcu.externaltools.gnu-tools-for-stm32.7-2018-q2-update.win32_1.4.0.202007081208/tools/bin/../lib/gcc/arm-none-eabi/7.3.1/thumb/v7e-m/fpv4-sp/hard\libgcc.a(_udivmoddi4.o)
