Archive member included to satisfy reference by file (symbol)

c:/st/stm32cubeide_1.4.0/stm32cubeide/plugins/com.st.stm32cube.ide.mcu.externaltools.gnu-tools-for-stm32.7-2018-q2-update.win32_1.4.0.202007081208/tools/bin/../lib/gcc/arm-none-eabi/7.3.1/../../../../arm-none-eabi/lib/thumb/v7e-m/fpv4-sp/hard\libc_nano.a(lib_a-errno.o)
                              Application/User/syscalls.o (__errno)
c:/st/stm32cubeide_1.4.0/stm32cubeide/plugins/com.st.stm32cube.ide.mcu.externaltools.gnu-tools-for-stm32.7-2018-q2-update.win32_1.4.0.202007081208/tools/bin/../lib/gcc/arm-none-eabi/7.3.1/../../../../arm-none-eabi/lib/thumb/v7e-m/fpv4-sp/hard\libc_nano.a(lib_a-exit.o)
                              c:/st/stm32cubeide_1.4.0/stm32cubeide/plugins/com.st.stm32cube.ide.mcu.externaltools.gnu-tools-for-stm32.7-2018-q2-update.win32_1.4.0.202007081208/tools/bin/../lib/gcc/arm-none-eabi/7.3.1/../../../../arm-none-eabi/lib/thumb/v7e-m/fpv4-sp/hard/crt0.o (exit)
c:/st/stm32cubeide_1.4.0/stm32cubeide/plugins/com.st.stm32cube.ide.mcu.externaltools.gnu-tools-for-stm32.7-2018-q2-update.win32_1.4.0.202007081208/tools/bin/../lib/gcc/arm-none-eabi/7.3.1/../../../../arm-none-eabi/lib/thumb/v7e-m/fpv4-sp/hard\libc_nano.a(lib_a-impure.o)
                              c:/st/stm32cubeide_1.4.0/stm32cubeide/plugins/com.st.stm32cube.ide.mcu.externaltools.gnu-tools-for-stm32.7-2018-q2-update.win32_1.4.0.202007081208/tools/bin/../lib/gcc/arm-none-eabi/7.3.1/../../../../arm-none-eabi/lib/thumb/v7e-m/fpv4-sp/hard\libc_nano.a(lib_a-exit.o) (_global_impure_ptr)
c:/st/stm32cubeide_1.4.0/stm32cubeide/plugins/com.st.stm32cube.ide.mcu.externaltools.gnu-tools-for-stm32.7-2018-q2-update.win32_1.4.0.202007081208/tools/bin/../lib/gcc/arm-none-eabi/7.3.1/../../../../arm-none-eabi/lib/thumb/v7e-m/fpv4-sp/hard\libc_nano.a(lib_a-init.o)
                              c:/st/stm32cubeide_1.4.0/stm32cubeide/plugins/com.st.stm32cube.ide.mcu.externaltools.gnu-tools-for-stm32.7-2018-q2-update.win32_1.4.0.202007081208/tools/bin/../lib/gcc/arm-none-eabi/7.3.1/../../../../arm-none-eabi/lib/thumb/v7e-m/fpv4-sp/hard/crt0.o (__libc_init_array)
c:/st/stm32cubeide_1.4.0/stm32cubeide/plugins/com.st.stm32cube.ide.mcu.externaltools.gnu-tools-for-stm32.7-2018-q2-update.win32_1.4.0.202007081208/tools/bin/../lib/gcc/arm-none-eabi/7.3.1/../../../../arm-none-eabi/lib/thumb/v7e-m/fpv4-sp/hard\libc_nano.a(lib_a-memset.o)
                              c:/st/stm32cubeide_1.4.0/stm32cubeide/plugins/com.st.stm32cube.ide.mcu.externaltools.gnu-tools-for-stm32.7-2018-q2-update.win32_1.4.0.202007081208/tools/bin/../lib/gcc/arm-none-eabi/7.3.1/../../../../arm-none-eabi/lib/thumb/v7e-m/fpv4-sp/hard/crt0.o (memset)

Allocating common symbols
Common symbol       size              file

uwTick              0x4               Drivers/STM32WBxx_HAL_Driver/stm32wbxx_hal.o

Discarded input sections

 .text          0x0000000000000000        0x0 c:/st/stm32cubeide_1.4.0/stm32cubeide/plugins/com.st.stm32cube.ide.mcu.externaltools.gnu-tools-for-stm32.7-2018-q2-update.win32_1.4.0.202007081208/tools/bin/../lib/gcc/arm-none-eabi/7.3.1/thumb/v7e-m/fpv4-sp/hard/crti.o
 .data          0x0000000000000000        0x0 c:/st/stm32cubeide_1.4.0/stm32cubeide/plugins/com.st.stm32cube.ide.mcu.externaltools.gnu-tools-for-stm32.7-2018-q2-update.win32_1.4.0.202007081208/tools/bin/../lib/gcc/arm-none-eabi/7.3.1/thumb/v7e-m/fpv4-sp/hard/crti.o
 .bss           0x0000000000000000        0x0 c:/st/stm32cubeide_1.4.0/stm32cubeide/plugins/com.st.stm32cube.ide.mcu.externaltools.gnu-tools-for-stm32.7-2018-q2-update.win32_1.4.0.202007081208/tools/bin/../lib/gcc/arm-none-eabi/7.3.1/thumb/v7e-m/fpv4-sp/hard/crti.o
 .data          0x0000000000000000        0x4 c:/st/stm32cubeide_1.4.0/stm32cubeide/plugins/com.st.stm32cube.ide.mcu.externaltools.gnu-tools-for-stm32.7-2018-q2-update.win32_1.4.0.202007081208/tools/bin/../lib/gcc/arm-none-eabi/7.3.1/thumb/v7e-m/fpv4-sp/hard/crtbegin.o
 .text          0x0000000000000000       0x74 c:/st/stm32cubeide_1.4.0/stm32cubeide/plugins/com.st.stm32cube.ide.mcu.externaltools.gnu-tools-for-stm32.7-2018-q2-update.win32_1.4.0.202007081208/tools/bin/../lib/gcc/arm-none-eabi/7.3.1/../../../../arm-none-eabi/lib/thumb/v7e-m/fpv4-sp/hard/crt0.o
 .data          0x0000000000000000        0x0 c:/st/stm32cubeide_1.4.0/stm32cubeide/plugins/com.st.stm32cube.ide.mcu.externaltools.gnu-tools-for-stm32.7-2018-q2-update.win32_1.4.0.202007081208/tools/bin/../lib/gcc/arm-none-eabi/7.3.1/../../../../arm-none-eabi/lib/thumb/v7e-m/fpv4-sp/hard/crt0.o
 .bss           0x0000000000000000        0x0 c:/st/stm32cubeide_1.4.0/stm32cubeide/plugins/com.st.stm32cube.ide.mcu.externaltools.gnu-tools-for-stm32.7-2018-q2-update.win32_1.4.0.202007081208/tools/bin/../lib/gcc/arm-none-eabi/7.3.1/../../../../arm-none-eabi/lib/thumb/v7e-m/fpv4-sp/hard/crt0.o
[...]
Memory Configuration

Name             Origin             Length             Attributes
FLASH            0x0000000008000000 0x0000000000080000 xr
RAM1             0x0000000020000004 0x000000000002fffc xrw
RAM_SHARED       0x0000000020030000 0x0000000000002800 xrw
*default*        0x0000000000000000 0xffffffffffffffff

Linker script and memory map

LOAD c:/st/stm32cubeide_1.4.0/stm32cubeide/plugins/com.st.stm32cube.ide.mcu.externaltools.gnu-tools-for-stm32.7-2018-q2-update.win32_1.4.0.202007081208/tools/bin/../lib/gcc/arm-none-eabi/7.3.1/thumb/v7e-m/fpv4-sp/hard/crti.o
LOAD c:/st/stm32cubeide_1.4.0/stm32cubeide/plugins/com.st.stm32cube.ide.mcu.externaltools.gnu-tools-for-stm32.7-2018-q2-update.win32_1.4.0.202007081208/tools/bin/../lib/gcc/arm-none-eabi/7.3.1/thumb/v7e-m/fpv4-sp/hard/crtbegin.o
LOAD c:/st/stm32cubeide_1.4.0/stm32cubeide/plugins/com.st.stm32cube.ide.mcu.externaltools.gnu-tools-for-stm32.7-2018-q2-update.win32_1.4.0.202007081208/tools/bin/../lib/gcc/arm-none-eabi/7.3.1/../../../../arm-none-eabi/lib/thumb/v7e-m/fpv4-sp/hard/crt0.o
LOAD Application/Startup/startup_stm32wb55rgvx.o
LOAD Application/User/main.o
LOAD Application/User/stm32wbxx_hal_msp.o
LOAD Application/User/stm32wbxx_it.o
LOAD Application/User/syscalls.o
LOAD Application/User/sysmem.o
LOAD Drivers/BSP/P-NUCLEO-WB55.Nucleo/stm32wbxx_nucleo.o
LOAD Drivers/CMSIS/system_stm32wbxx.o
LOAD Drivers/STM32WBxx_HAL_Driver/stm32wbxx_hal.o
LOAD Drivers/STM32WBxx_HAL_Driver/stm32wbxx_hal_cortex.o
LOAD Drivers/STM32WBxx_HAL_Driver/stm32wbxx_hal_dma.o
LOAD Drivers/STM32WBxx_HAL_Driver/stm32wbxx_hal_dma_ex.o
LOAD Drivers/STM32WBxx_HAL_Driver/stm32wbxx_hal_exti.o
LOAD Drivers/STM32WBxx_HAL_Driver/stm32wbxx_hal_flash.o
LOAD Drivers/STM32WBxx_HAL_Driver/stm32wbxx_hal_flash_ex.o
LOAD Drivers/STM32WBxx_HAL_Driver/stm32wbxx_hal_gpio.o
LOAD Drivers/STM32WBxx_HAL_Driver/stm32wbxx_hal_hsem.o
LOAD Drivers/STM32WBxx_HAL_Driver/stm32wbxx_hal_pwr.o
LOAD Drivers/STM32WBxx_HAL_Driver/stm32wbxx_hal_pwr_ex.o
LOAD Drivers/STM32WBxx_HAL_Driver/stm32wbxx_hal_rcc.o
LOAD Drivers/STM32WBxx_HAL_Driver/stm32wbxx_hal_rcc_ex.o
LOAD Drivers/STM32WBxx_HAL_Driver/stm32wbxx_hal_tim.o
LOAD Drivers/STM32WBxx_HAL_Driver/stm32wbxx_hal_tim_ex.o
START GROUP
LOAD c:/st/stm32cubeide_1.4.0/stm32cubeide/plugins/com.st.stm32cube.ide.mcu.externaltools.gnu-tools-for-stm32.7-2018-q2-update.win32_1.4.0.202007081208/tools/bin/../lib/gcc/arm-none-eabi/7.3.1/../../../../arm-none-eabi/lib/thumb/v7e-m/fpv4-sp/hard\libc_nano.a
LOAD c:/st/stm32cubeide_1.4.0/stm32cubeide/plugins/com.st.stm32cube.ide.mcu.externaltools.gnu-tools-for-stm32.7-2018-q2-update.win32_1.4.0.202007081208/tools/bin/../lib/gcc/arm-none-eabi/7.3.1/../../../../arm-none-eabi/lib/thumb/v7e-m/fpv4-sp/hard\libm.a
END GROUP
START GROUP
LOAD c:/st/stm32cubeide_1.4.0/stm32cubeide/plugins/com.st.stm32cube.ide.mcu.externaltools.gnu-tools-for-stm32.7-2018-q2-update.win32_1.4.0.202007081208/tools/bin/../lib/gcc/arm-none-eabi/7.3.1/thumb/v7e-m/fpv4-sp/hard\libgcc.a
LOAD c:/st/stm32cubeide_1.4.0/stm32cubeide/plugins/com.st.stm32cube.ide.mcu.externaltools.gnu-tools-for-stm32.7-2018-q2-update.win32_1.4.0.202007081208/tools/bin/../lib/gcc/arm-none-eabi/7.3.1/../../../../arm-none-eabi/lib/thumb/v7e-m/fpv4-sp/hard\libc_nano.a
END GROUP
START GROUP
LOAD c:/st/stm32cubeide_1.4.0/stm32cubeide/plugins/com.st.stm32cube.ide.mcu.externaltools.gnu-tools-for-stm32.7-2018-q2-update.win32_1.4.0.202007081208/tools/bin/../lib/gcc/arm-none-eabi/7.3.1/thumb/v7e-m/fpv4-sp/hard\libgcc.a
LOAD c:/st/stm32cubeide_1.4.0/stm32cubeide/plugins/com.st.stm32cube.ide.mcu.externaltools.gnu-tools-for-stm32.7-2018-q2-update.win32_1.4.0.202007081208/tools/bin/../lib/gcc/arm-none-eabi/7.3.1/../../../../arm-none-eabi/lib/thumb/v7e-m/fpv4-sp/hard\libc_nano.a
LOAD c:/st/stm32cubeide_1.4.0/stm32cubeide/plugins/com.st.stm32cube.ide.mcu.externaltools.gnu-tools-for-stm32.7-2018-q2-update.win32_1.4.0.202007081208/tools/bin/../lib/gcc/arm-none-eabi/7.3.1/../../../../arm-none-eabi/lib/thumb/v7e-m/fpv4-sp/hard\libnosys.a
END GROUP
START GROUP
LOAD c:/st/stm32cubeide_1.4.0/stm32cubeide/plugins/com.st.stm32cube.ide.mcu.externaltools.gnu-tools-for-stm32.7-2018-q2-update.win32_1.4.0.202007081208/tools/bin/../lib/gcc/arm-none-eabi/7.3.1/thumb/v7e-m/fpv4-sp/hard\libgcc.a
LOAD c:/st/stm32cubeide_1.4.0/stm32cubeide/plugins/com.st.stm32cube.ide.mcu.externaltools.gnu-tools-for-stm32.7-2018-q2-update.win32_1.4.0.202007081208/tools/bin/../lib/gcc/arm-none-eabi/7.3.1/../../../../arm-none-eabi/lib/thumb/v7e-m/fpv4-sp/hard\libc_nano.a
LOAD c:/st/stm32cubeide_1.4.0/stm32cubeide/plugins/com.st.stm32cube.ide.mcu.externaltools.gnu-tools-for-stm32.7-2018-q2-update.win32_1.4.0.202007081208/tools/bin/../lib/gcc/arm-none-eabi/7.3.1/../../../../arm-none-eabi/lib/thumb/v7e-m/fpv4-sp/hard\libnosys.a
END GROUP
LOAD c:/st/stm32cubeide_1.4.0/stm32cubeide/plugins/com.st.stm32cube.ide.mcu.externaltools.gnu-tools-for-stm32.7-2018-q2-update.win32_1.4.0.202007081208/tools/bin/../lib/gcc/arm-none-eabi/7.3.1/thumb/v7e-m/fpv4-sp/hard/crtend.o
LOAD c:/st/stm32cubeide_1.4.0/stm32cubeide/plugins/com.st.stm32cube.ide.mcu.externaltools.gnu-tools-for-stm32.7-2018-q2-update.win32_1.4.0.202007081208/tools/bin/../lib/gcc/arm-none-eabi/7.3.1/thumb/v7e-m/fpv4-sp/hard/crtn.o
                0x0000000020030000                _estack = 0x20030000
                0x0000000000000200                _Min_Heap_Size = 0x200
                0x0000000000000400                _Min_Stack_Size = 0x400

.isr_vector     0x0000000008000000      0x13c
                0x0000000008000000                . = ALIGN (0x4)
 *(.isr_vector)
 .isr_vector    0x0000000008000000      0x13c Application/Startup/startup_stm32wb55rgvx.o
                0x0000000008000000                g_pfnVectors
                0x000000000800013c                . = ALIGN (0x4)

.text           0x000000000800013c     0x1e24
                0x000000000800013c                . = ALIGN (0x4)
 *(.text)
 .text          0x000000000800013c       0x40 c:/st/stm32cubeide_1.4.0/stm32cubeide/plugins/com.st.stm32cube.ide.mcu.externaltools.gnu-tools-for-stm32.7-2018-q2-update.win32_1.4.0.202007081208/tools/bin/../lib/gcc/arm-none-eabi/7.3.1/thumb/v7e-m/fpv4-sp/hard/crtbegin.o
 *(.text*)
 .text.data_initializers
                0x000000000800017c       0x18 Application/Startup/startup_stm32wb55rgvx.o
 .text.Reset_Handler
                0x0000000008000194       0x54 Application/Startup/startup_stm32wb55rgvx.o
                0x0000000008000194                Reset_Handler
 .text.Default_Handler
                0x00000000080001e8        0x2 Application/Startup/startup_stm32wb55rgvx.o
                0x00000000080001e8                RTC_Alarm_IRQHandler
                0x00000000080001e8                EXTI2_IRQHandler
                0x00000000080001e8                TIM1_CC_IRQHandler
                0x00000000080001e8                TSC_IRQHandler
                0x00000000080001e8                USB_HP_IRQHandler
                0x00000000080001e8                EXTI3_IRQHandler
                0x00000000080001e8                LPTIM2_IRQHandler
                0x00000000080001e8                I2C3_ER_IRQHandler
                0x00000000080001e8                EXTI0_IRQHandler
                0x00000000080001e8                FPU_IRQHandler
                0x00000000080001e8                TIM1_UP_TIM16_IRQHandler
                0x00000000080001e8                UsageFault_Handler
                0x00000000080001e8                AES1_IRQHandler
                0x00000000080001e8                SPI1_IRQHandler
                0x00000000080001e8                PWR_SOTF_BLEACT_802ACT_RFPHASE_IRQHandler
                0x00000000080001e8                DMA2_Channel2_IRQHandler
                0x00000000080001e8                DMA1_Channel4_IRQHandler
                0x00000000080001e8                ADC1_IRQHandler
                0x00000000080001e8                PKA_IRQHandler
                0x00000000080001e8                DMA1_Channel7_IRQHandler
                0x00000000080001e8                LCD_IRQHandler
                0x00000000080001e8                IPCC_C1_TX_IRQHandler
                0x00000000080001e8                DMA2_Channel1_IRQHandler
                0x00000000080001e8                QUADSPI_IRQHandler
                0x00000000080001e8                I2C1_EV_IRQHandler
                0x00000000080001e8                DMAMUX1_OVR_IRQHandler
                0x00000000080001e8                DMA1_Channel6_IRQHandler
                0x00000000080001e8                DMA2_Channel4_IRQHandler
                0x00000000080001e8                RCC_IRQHandler
                0x00000000080001e8                DMA1_Channel1_IRQHandler
                0x00000000080001e8                Default_Handler
                0x00000000080001e8                DMA2_Channel7_IRQHandler
                0x00000000080001e8                EXTI15_10_IRQHandler
                0x00000000080001e8                IPCC_C1_RX_IRQHandler
                0x00000000080001e8                C2SEV_PWR_C2H_IRQHandler
                0x00000000080001e8                AES2_IRQHandler
                0x00000000080001e8                I2C3_EV_IRQHandler
                0x00000000080001e8                EXTI9_5_IRQHandler
                0x00000000080001e8                RTC_WKUP_IRQHandler
                0x00000000080001e8                PVD_PVM_IRQHandler
                0x00000000080001e8                SPI2_IRQHandler
                0x00000000080001e8                DMA2_Channel5_IRQHandler
                0x00000000080001e8                CRS_IRQHandler
                0x00000000080001e8                DMA1_Channel5_IRQHandler
                0x00000000080001e8                USB_LP_IRQHandler
                0x00000000080001e8                EXTI4_IRQHandler
                0x00000000080001e8                RNG_IRQHandler
                0x00000000080001e8                TIM1_TRG_COM_TIM17_IRQHandler
                0x00000000080001e8                TAMP_STAMP_LSECSS_IRQHandler
                0x00000000080001e8                DMA1_Channel3_IRQHandler
                0x00000000080001e8                COMP_IRQHandler
                0x00000000080001e8                HSEM_IRQHandler
                0x00000000080001e8                WWDG_IRQHandler
                0x00000000080001e8                LPUART1_IRQHandler
                0x00000000080001e8                DMA2_Channel6_IRQHandler
                0x00000000080001e8                TIM2_IRQHandler
                0x00000000080001e8                TIM1_BRK_IRQHandler
                0x00000000080001e8                EXTI1_IRQHandler
                0x00000000080001e8                DMA1_Channel2_IRQHandler
                0x00000000080001e8                FLASH_IRQHandler
                0x00000000080001e8                BusFault_Handler
                0x00000000080001e8                USART1_IRQHandler
                0x00000000080001e8                I2C1_ER_IRQHandler
                0x00000000080001e8                LPTIM1_IRQHandler
                0x00000000080001e8                SAI1_IRQHandler
                0x00000000080001e8                DMA2_Channel3_IRQHandler
 .text.LL_AHB2_GRP1_EnableClock
                0x00000000080001ea       0x32 Application/User/main.o
 .text.main     0x000000000800021c       0x6c Application/User/main.o
                0x000000000800021c                main
 .text.SystemClock_Config
                0x0000000008000288       0xa2 Application/User/main.o
                0x0000000008000288                SystemClock_Config
 .text.Error_Handler
                0x000000000800032a        0x6 Application/User/main.o
                0x000000000800032a                Error_Handler
 .text.HAL_MspInit
                0x0000000008000330        0xe Application/User/stm32wbxx_hal_msp.o
                0x0000000008000330                HAL_MspInit
 .text.NMI_Handler
                0x000000000800033e        0xe Application/User/stm32wbxx_it.o
                0x000000000800033e                NMI_Handler
 .text.HardFault_Handler
                0x000000000800034c        0x6 Application/User/stm32wbxx_it.o
                0x000000000800034c                HardFault_Handler
 .text.MemManage_Handler
                0x0000000008000352        0x6 Application/User/stm32wbxx_it.o
                0x0000000008000352                MemManage_Handler
 .text.SVC_Handler
                0x0000000008000358        0xe Application/User/stm32wbxx_it.o
                0x0000000008000358                SVC_Handler
 .text.DebugMon_Handler
                0x0000000008000366        0xe Application/User/stm32wbxx_it.o
                0x0000000008000366                DebugMon_Handler
 .text.PendSV_Handler
                0x0000000008000374        0xe Application/User/stm32wbxx_it.o
                0x0000000008000374                PendSV_Handler
 .text.SysTick_Handler
                0x0000000008000382        0xc Application/User/stm32wbxx_it.o
                0x0000000008000382                SysTick_Handler
 *fill*         0x000000000800038e        0x2 
 .text.SystemInit
                0x0000000008000390       0xac Drivers/CMSIS/system_stm32wbxx.o
                0x0000000008000390                SystemInit
 .text.SystemCoreClockUpdate
                0x000000000800043c      0x144 Drivers/CMSIS/system_stm32wbxx.o
                0x000000000800043c                SystemCoreClockUpdate
 .text.HAL_Init
                0x0000000008000580       0x40 Drivers/STM32WBxx_HAL_Driver/stm32wbxx_hal.o
                0x0000000008000580                HAL_Init
 .text.HAL_InitTick
                0x00000000080005c0       0x74 Drivers/STM32WBxx_HAL_Driver/stm32wbxx_hal.o
                0x00000000080005c0                HAL_InitTick
 .text.HAL_IncTick
                0x0000000008000634       0x28 Drivers/STM32WBxx_HAL_Driver/stm32wbxx_hal.o
                0x0000000008000634                HAL_IncTick
 .text.HAL_GetTick
                0x000000000800065c       0x18 Drivers/STM32WBxx_HAL_Driver/stm32wbxx_hal.o
                0x000000000800065c                HAL_GetTick
 .text.HAL_GetTickPrio
                0x0000000008000674       0x18 Drivers/STM32WBxx_HAL_Driver/stm32wbxx_hal.o
                0x0000000008000674                HAL_GetTickPrio
 .text.HAL_Delay
                0x000000000800068c       0x44 Drivers/STM32WBxx_HAL_Driver/stm32wbxx_hal.o
                0x000000000800068c                HAL_Delay
 .text.__NVIC_SetPriorityGrouping
                0x00000000080006d0       0x48 Drivers/STM32WBxx_HAL_Driver/stm32wbxx_hal_cortex.o
 .text.__NVIC_GetPriorityGrouping
                0x0000000008000718       0x1c Drivers/STM32WBxx_HAL_Driver/stm32wbxx_hal_cortex.o
 .text.__NVIC_SetPriority
                0x0000000008000734       0x54 Drivers/STM32WBxx_HAL_Driver/stm32wbxx_hal_cortex.o
 .text.NVIC_EncodePriority
                0x0000000008000788       0x66 Drivers/STM32WBxx_HAL_Driver/stm32wbxx_hal_cortex.o
 *fill*         0x00000000080007ee        0x2 
 .text.SysTick_Config
                0x00000000080007f0       0x44 Drivers/STM32WBxx_HAL_Driver/stm32wbxx_hal_cortex.o
 .text.HAL_NVIC_SetPriorityGrouping
                0x0000000008000834       0x16 Drivers/STM32WBxx_HAL_Driver/stm32wbxx_hal_cortex.o
                0x0000000008000834                HAL_NVIC_SetPriorityGrouping
 .text.HAL_NVIC_SetPriority
                0x000000000800084a       0x34 Drivers/STM32WBxx_HAL_Driver/stm32wbxx_hal_cortex.o
                0x000000000800084a                HAL_NVIC_SetPriority
 .text.HAL_SYSTICK_Config
                0x000000000800087e       0x18 Drivers/STM32WBxx_HAL_Driver/stm32wbxx_hal_cortex.o
                0x000000000800087e                HAL_SYSTICK_Config
 *fill*         0x0000000008000896        0x2 
 .text.HAL_GPIO_Init
                0x0000000008000898      0x2e0 Drivers/STM32WBxx_HAL_Driver/stm32wbxx_hal_gpio.o
                0x0000000008000898                HAL_GPIO_Init
 .text.HAL_GPIO_TogglePin
                0x0000000008000b78       0x34 Drivers/STM32WBxx_HAL_Driver/stm32wbxx_hal_gpio.o
                0x0000000008000b78                HAL_GPIO_TogglePin
 .text.HAL_PWR_EnableBkUpAccess
                0x0000000008000bac       0x20 Drivers/STM32WBxx_HAL_Driver/stm32wbxx_hal_pwr.o
                0x0000000008000bac                HAL_PWR_EnableBkUpAccess
 .text.HAL_PWREx_GetVoltageRange
                0x0000000008000bcc       0x1c Drivers/STM32WBxx_HAL_Driver/stm32wbxx_hal_pwr_ex.o
                0x0000000008000bcc                HAL_PWREx_GetVoltageRange
 .text.LL_RCC_HSE_IsEnabledDiv2
                0x0000000008000be8       0x24 Drivers/STM32WBxx_HAL_Driver/stm32wbxx_hal_rcc.o
 .text.LL_RCC_HSE_EnableBypass
                0x0000000008000c0c       0x1e Drivers/STM32WBxx_HAL_Driver/stm32wbxx_hal_rcc.o
 .text.LL_RCC_HSE_DisableBypass
                0x0000000008000c2a       0x1e Drivers/STM32WBxx_HAL_Driver/stm32wbxx_hal_rcc.o
 .text.LL_RCC_HSE_Enable
                0x0000000008000c48       0x1e Drivers/STM32WBxx_HAL_Driver/stm32wbxx_hal_rcc.o
 .text.LL_RCC_HSE_Disable
                0x0000000008000c66       0x1e Drivers/STM32WBxx_HAL_Driver/stm32wbxx_hal_rcc.o
 .text.LL_RCC_HSE_IsReady
                0x0000000008000c84       0x24 Drivers/STM32WBxx_HAL_Driver/stm32wbxx_hal_rcc.o
 .text.LL_RCC_HSI_Enable
                0x0000000008000ca8       0x1e Drivers/STM32WBxx_HAL_Driver/stm32wbxx_hal_rcc.o
 .text.LL_RCC_HSI_Disable
                0x0000000008000cc6       0x1e Drivers/STM32WBxx_HAL_Driver/stm32wbxx_hal_rcc.o
 .text.LL_RCC_HSI_IsReady
                0x0000000008000ce4       0x24 Drivers/STM32WBxx_HAL_Driver/stm32wbxx_hal_rcc.o
 .text.LL_RCC_HSI_SetCalibTrimming
                0x0000000008000d08       0x2a Drivers/STM32WBxx_HAL_Driver/stm32wbxx_hal_rcc.o
 .text.LL_RCC_HSI48_Enable
                0x0000000008000d32       0x22 Drivers/STM32WBxx_HAL_Driver/stm32wbxx_hal_rcc.o
 .text.LL_RCC_HSI48_Disable
                0x0000000008000d54       0x22 Drivers/STM32WBxx_HAL_Driver/stm32wbxx_hal_rcc.o
 .text.LL_RCC_HSI48_IsReady
                0x0000000008000d76       0x24 Drivers/STM32WBxx_HAL_Driver/stm32wbxx_hal_rcc.o
 .text.LL_RCC_LSE_Enable
                0x0000000008000d9a       0x22 Drivers/STM32WBxx_HAL_Driver/stm32wbxx_hal_rcc.o
 .text.LL_RCC_LSE_Disable
                0x0000000008000dbc       0x22 Drivers/STM32WBxx_HAL_Driver/stm32wbxx_hal_rcc.o
 .text.LL_RCC_LSE_EnableBypass
                0x0000000008000dde       0x22 Drivers/STM32WBxx_HAL_Driver/stm32wbxx_hal_rcc.o
 .text.LL_RCC_LSE_DisableBypass
                0x0000000008000e00       0x22 Drivers/STM32WBxx_HAL_Driver/stm32wbxx_hal_rcc.o
 .text.LL_RCC_LSE_IsReady
                0x0000000008000e22       0x24 Drivers/STM32WBxx_HAL_Driver/stm32wbxx_hal_rcc.o
 .text.LL_RCC_LSI1_Enable
                0x0000000008000e46       0x22 Drivers/STM32WBxx_HAL_Driver/stm32wbxx_hal_rcc.o
 .text.LL_RCC_LSI1_Disable
                0x0000000008000e68       0x22 Drivers/STM32WBxx_HAL_Driver/stm32wbxx_hal_rcc.o
 .text.LL_RCC_LSI1_IsReady
                0x0000000008000e8a       0x24 Drivers/STM32WBxx_HAL_Driver/stm32wbxx_hal_rcc.o
 .text.LL_RCC_LSI2_Enable
                0x0000000008000eae       0x22 Drivers/STM32WBxx_HAL_Driver/stm32wbxx_hal_rcc.o
 .text.LL_RCC_LSI2_Disable
                0x0000000008000ed0       0x22 Drivers/STM32WBxx_HAL_Driver/stm32wbxx_hal_rcc.o
 .text.LL_RCC_LSI2_IsReady
                0x0000000008000ef2       0x24 Drivers/STM32WBxx_HAL_Driver/stm32wbxx_hal_rcc.o
 .text.LL_RCC_LSI2_SetTrimming
                0x0000000008000f16       0x2e Drivers/STM32WBxx_HAL_Driver/stm32wbxx_hal_rcc.o
 .text.LL_RCC_MSI_Enable
                0x0000000008000f44       0x1e Drivers/STM32WBxx_HAL_Driver/stm32wbxx_hal_rcc.o
 .text.LL_RCC_MSI_Disable
                0x0000000008000f62       0x1e Drivers/STM32WBxx_HAL_Driver/stm32wbxx_hal_rcc.o
 .text.LL_RCC_MSI_IsReady
                0x0000000008000f80       0x22 Drivers/STM32WBxx_HAL_Driver/stm32wbxx_hal_rcc.o
 .text.LL_RCC_MSI_SetRange
                0x0000000008000fa2       0x28 Drivers/STM32WBxx_HAL_Driver/stm32wbxx_hal_rcc.o
 .text.LL_RCC_MSI_GetRange
                0x0000000008000fca       0x2a Drivers/STM32WBxx_HAL_Driver/stm32wbxx_hal_rcc.o
 .text.LL_RCC_MSI_SetCalibTrimming
                0x0000000008000ff4       0x2a Drivers/STM32WBxx_HAL_Driver/stm32wbxx_hal_rcc.o
 .text.LL_RCC_SetSysClkSource
                0x000000000800101e       0x28 Drivers/STM32WBxx_HAL_Driver/stm32wbxx_hal_rcc.o
 .text.LL_RCC_GetSysClkSource
                0x0000000008001046       0x18 Drivers/STM32WBxx_HAL_Driver/stm32wbxx_hal_rcc.o
 .text.LL_RCC_SetAHBPrescaler
                0x000000000800105e       0x28 Drivers/STM32WBxx_HAL_Driver/stm32wbxx_hal_rcc.o
 .text.LL_C2_RCC_SetAHBPrescaler
                0x0000000008001086       0x2c Drivers/STM32WBxx_HAL_Driver/stm32wbxx_hal_rcc.o
 .text.LL_RCC_SetAHB4Prescaler
                0x00000000080010b2       0x2e Drivers/STM32WBxx_HAL_Driver/stm32wbxx_hal_rcc.o
 .text.LL_RCC_SetAPB1Prescaler
                0x00000000080010e0       0x28 Drivers/STM32WBxx_HAL_Driver/stm32wbxx_hal_rcc.o
 .text.LL_RCC_SetAPB2Prescaler
                0x0000000008001108       0x28 Drivers/STM32WBxx_HAL_Driver/stm32wbxx_hal_rcc.o
 .text.LL_RCC_GetAHBPrescaler
                0x0000000008001130       0x18 Drivers/STM32WBxx_HAL_Driver/stm32wbxx_hal_rcc.o
 .text.LL_RCC_GetAHB4Prescaler
                0x0000000008001148       0x1c Drivers/STM32WBxx_HAL_Driver/stm32wbxx_hal_rcc.o
 .text.LL_RCC_PLL_Enable
                0x0000000008001164       0x1e Drivers/STM32WBxx_HAL_Driver/stm32wbxx_hal_rcc.o
 .text.LL_RCC_PLL_Disable
                0x0000000008001182       0x1e Drivers/STM32WBxx_HAL_Driver/stm32wbxx_hal_rcc.o
 .text.LL_RCC_PLL_IsReady
                0x00000000080011a0       0x24 Drivers/STM32WBxx_HAL_Driver/stm32wbxx_hal_rcc.o
 .text.LL_RCC_PLL_GetN
                0x00000000080011c4       0x1a Drivers/STM32WBxx_HAL_Driver/stm32wbxx_hal_rcc.o
 .text.LL_RCC_PLL_GetR
                0x00000000080011de       0x18 Drivers/STM32WBxx_HAL_Driver/stm32wbxx_hal_rcc.o
 .text.LL_RCC_PLL_GetDivider
                0x00000000080011f6       0x18 Drivers/STM32WBxx_HAL_Driver/stm32wbxx_hal_rcc.o
 .text.LL_RCC_PLL_GetMainSource
                0x000000000800120e       0x18 Drivers/STM32WBxx_HAL_Driver/stm32wbxx_hal_rcc.o
 .text.LL_RCC_IsActiveFlag_HPRE
                0x0000000008001226       0x24 Drivers/STM32WBxx_HAL_Driver/stm32wbxx_hal_rcc.o
 .text.LL_RCC_IsActiveFlag_C2HPRE
                0x000000000800124a       0x26 Drivers/STM32WBxx_HAL_Driver/stm32wbxx_hal_rcc.o
 .text.LL_RCC_IsActiveFlag_SHDHPRE
                0x0000000008001270       0x26 Drivers/STM32WBxx_HAL_Driver/stm32wbxx_hal_rcc.o
 .text.LL_RCC_IsActiveFlag_PPRE1
                0x0000000008001296       0x24 Drivers/STM32WBxx_HAL_Driver/stm32wbxx_hal_rcc.o
 .text.LL_RCC_IsActiveFlag_PPRE2
                0x00000000080012ba       0x24 Drivers/STM32WBxx_HAL_Driver/stm32wbxx_hal_rcc.o
 *fill*         0x00000000080012de        0x2 
 .text.HAL_RCC_OscConfig
                0x00000000080012e0      0x728 Drivers/STM32WBxx_HAL_Driver/stm32wbxx_hal_rcc.o
                0x00000000080012e0                HAL_RCC_OscConfig
 .text.HAL_RCC_ClockConfig
                0x0000000008001a08      0x278 Drivers/STM32WBxx_HAL_Driver/stm32wbxx_hal_rcc.o
                0x0000000008001a08                HAL_RCC_ClockConfig
 .text.HAL_RCC_GetSysClockFreq
                0x0000000008001c80       0xd8 Drivers/STM32WBxx_HAL_Driver/stm32wbxx_hal_rcc.o
                0x0000000008001c80                HAL_RCC_GetSysClockFreq
 .text.HAL_RCC_GetHCLKFreq
                0x0000000008001d58       0x28 Drivers/STM32WBxx_HAL_Driver/stm32wbxx_hal_rcc.o
                0x0000000008001d58                HAL_RCC_GetHCLKFreq
 .text.RCC_SetFlashLatencyFromMSIRange
                0x0000000008001d80       0x70 Drivers/STM32WBxx_HAL_Driver/stm32wbxx_hal_rcc.o
 .text.RCC_SetFlashLatency
                0x0000000008001df0      0x100 Drivers/STM32WBxx_HAL_Driver/stm32wbxx_hal_rcc.o
 .text.__libc_init_array
                0x0000000008001ef0       0x48 c:/st/stm32cubeide_1.4.0/stm32cubeide/plugins/com.st.stm32cube.ide.mcu.externaltools.gnu-tools-for-stm32.7-2018-q2-update.win32_1.4.0.202007081208/tools/bin/../lib/gcc/arm-none-eabi/7.3.1/../../../../arm-none-eabi/lib/thumb/v7e-m/fpv4-sp/hard\libc_nano.a(lib_a-init.o)
                0x0000000008001ef0                __libc_init_array
 .text.memset   0x0000000008001f38       0x10 c:/st/stm32cubeide_1.4.0/stm32cubeide/plugins/com.st.stm32cube.ide.mcu.externaltools.gnu-tools-for-stm32.7-2018-q2-update.win32_1.4.0.202007081208/tools/bin/../lib/gcc/arm-none-eabi/7.3.1/../../../../arm-none-eabi/lib/thumb/v7e-m/fpv4-sp/hard\libc_nano.a(lib_a-memset.o)
                0x0000000008001f38                memset
 *(.glue_7)
 .glue_7        0x0000000008001f48        0x0 linker stubs
 *(.glue_7t)
 .glue_7t       0x0000000008001f48        0x0 linker stubs
 *(.eh_frame)
 .eh_frame      0x0000000008001f48        0x0 c:/st/stm32cubeide_1.4.0/stm32cubeide/plugins/com.st.stm32cube.ide.mcu.externaltools.gnu-tools-for-stm32.7-2018-q2-update.win32_1.4.0.202007081208/tools/bin/../lib/gcc/arm-none-eabi/7.3.1/thumb/v7e-m/fpv4-sp/hard/crtbegin.o
 *(.init)
 .init          0x0000000008001f48        0x4 c:/st/stm32cubeide_1.4.0/stm32cubeide/plugins/com.st.stm32cube.ide.mcu.externaltools.gnu-tools-for-stm32.7-2018-q2-update.win32_1.4.0.202007081208/tools/bin/../lib/gcc/arm-none-eabi/7.3.1/thumb/v7e-m/fpv4-sp/hard/crti.o
                0x0000000008001f48                _init
 .init          0x0000000008001f4c        0x8 c:/st/stm32cubeide_1.4.0/stm32cubeide/plugins/com.st.stm32cube.ide.mcu.externaltools.gnu-tools-for-stm32.7-2018-q2-update.win32_1.4.0.202007081208/tools/bin/../lib/gcc/arm-none-eabi/7.3.1/thumb/v7e-m/fpv4-sp/hard/crtn.o
 *(.fini)
 .fini          0x0000000008001f54        0x4 c:/st/stm32cubeide_1.4.0/stm32cubeide/plugins/com.st.stm32cube.ide.mcu.externaltools.gnu-tools-for-stm32.7-2018-q2-update.win32_1.4.0.202007081208/tools/bin/../lib/gcc/arm-none-eabi/7.3.1/thumb/v7e-m/fpv4-sp/hard/crti.o
                0x0000000008001f54                _fini
 .fini          0x0000000008001f58        0x8 c:/st/stm32cubeide_1.4.0/stm32cubeide/plugins/com.st.stm32cube.ide.mcu.externaltools.gnu-tools-for-stm32.7-2018-q2-update.win32_1.4.0.202007081208/tools/bin/../lib/gcc/arm-none-eabi/7.3.1/thumb/v7e-m/fpv4-sp/hard/crtn.o
                0x0000000008001f60                . = ALIGN (0x4)
                0x0000000008001f60                _etext = .

.vfp11_veneer   0x0000000008001f60        0x0
 .vfp11_veneer  0x0000000008001f60        0x0 linker stubs

.v4_bx          0x0000000008001f60        0x0
 .v4_bx         0x0000000008001f60        0x0 linker stubs

.iplt           0x0000000008001f60        0x0
 .iplt          0x0000000008001f60        0x0 c:/st/stm32cubeide_1.4.0/stm32cubeide/plugins/com.st.stm32cube.ide.mcu.externaltools.gnu-tools-for-stm32.7-2018-q2-update.win32_1.4.0.202007081208/tools/bin/../lib/gcc/arm-none-eabi/7.3.1/thumb/v7e-m/fpv4-sp/hard/crtbegin.o

.rodata         0x0000000008001f60       0xac
                0x0000000008001f60                . = ALIGN (0x4)
 *(.rodata)
 .rodata        0x0000000008001f60       0x2c Drivers/STM32WBxx_HAL_Driver/stm32wbxx_hal_rcc.o
 *(.rodata*)
 .rodata.AHBPrescTable
                0x0000000008001f8c       0x40 Drivers/CMSIS/system_stm32wbxx.o
                0x0000000008001f8c                AHBPrescTable
 .rodata.MSIRangeTable
                0x0000000008001fcc       0x40 Drivers/CMSIS/system_stm32wbxx.o
                0x0000000008001fcc                MSIRangeTable
                0x000000000800200c                . = ALIGN (0x4)

.rel.dyn        0x000000000800200c        0x0
 .rel.iplt      0x000000000800200c        0x0 c:/st/stm32cubeide_1.4.0/stm32cubeide/plugins/com.st.stm32cube.ide.mcu.externaltools.gnu-tools-for-stm32.7-2018-q2-update.win32_1.4.0.202007081208/tools/bin/../lib/gcc/arm-none-eabi/7.3.1/thumb/v7e-m/fpv4-sp/hard/crtbegin.o

.ARM.extab
 *(.ARM.extab* .gnu.linkonce.armextab.*)

.ARM            0x000000000800200c        0x0
                0x000000000800200c                __exidx_start = .
 *(.ARM.exidx*)
                0x000000000800200c                __exidx_end = .

.preinit_array  0x000000000800200c        0x0
                0x000000000800200c                PROVIDE (__preinit_array_start = .)
 *(.preinit_array*)
                0x000000000800200c                PROVIDE (__preinit_array_end = .)

.init_array     0x000000000800200c        0x4
                0x000000000800200c                PROVIDE (__init_array_start = .)
 *(SORT_BY_NAME(.init_array.*))
 *(.init_array*)
 .init_array    0x000000000800200c        0x4 c:/st/stm32cubeide_1.4.0/stm32cubeide/plugins/com.st.stm32cube.ide.mcu.externaltools.gnu-tools-for-stm32.7-2018-q2-update.win32_1.4.0.202007081208/tools/bin/../lib/gcc/arm-none-eabi/7.3.1/thumb/v7e-m/fpv4-sp/hard/crtbegin.o
                0x0000000008002010                PROVIDE (__init_array_end = .)

.fini_array     0x0000000008002010        0x4
                [!provide]                        PROVIDE (__fini_array_start = .)
 *(SORT_BY_NAME(.fini_array.*))
 *(.fini_array*)
 .fini_array    0x0000000008002010        0x4 c:/st/stm32cubeide_1.4.0/stm32cubeide/plugins/com.st.stm32cube.ide.mcu.externaltools.gnu-tools-for-stm32.7-2018-q2-update.win32_1.4.0.202007081208/tools/bin/../lib/gcc/arm-none-eabi/7.3.1/thumb/v7e-m/fpv4-sp/hard/crtbegin.o
                [!provide]                        PROVIDE (__fini_array_end = .)
                0x0000000008002014                _sidata = LOADADDR (.data)

.data           0x0000000020000004        0xc load address 0x0000000008002014
                0x0000000020000004                . = ALIGN (0x4)
                0x0000000020000004                _sdata = .
 *(.data)
 *(.data*)
 .data.SystemCoreClock
                0x0000000020000004        0x4 Drivers/CMSIS/system_stm32wbxx.o
                0x0000000020000004                SystemCoreClock
 .data.uwTickPrio
                0x0000000020000008        0x4 Drivers/STM32WBxx_HAL_Driver/stm32wbxx_hal.o
                0x0000000020000008                uwTickPrio
 .data.uwTickFreq
                0x000000002000000c        0x1 Drivers/STM32WBxx_HAL_Driver/stm32wbxx_hal.o
                0x000000002000000c                uwTickFreq
                0x0000000020000010                . = ALIGN (0x4)
 *fill*         0x000000002000000d        0x3 
                0x0000000020000010                _edata = .

.igot.plt       0x0000000020000010        0x0 load address 0x0000000008002020
 .igot.plt      0x0000000020000010        0x0 c:/st/stm32cubeide_1.4.0/stm32cubeide/plugins/com.st.stm32cube.ide.mcu.externaltools.gnu-tools-for-stm32.7-2018-q2-update.win32_1.4.0.202007081208/tools/bin/../lib/gcc/arm-none-eabi/7.3.1/thumb/v7e-m/fpv4-sp/hard/crtbegin.o
                0x0000000020000010                . = ALIGN (0x4)

.bss            0x0000000020000010       0x34 load address 0x0000000008002020
                0x0000000020000010                _sbss = .
                0x0000000020000010                __bss_start__ = _sbss
 *(.bss)
 .bss           0x0000000020000010       0x1c c:/st/stm32cubeide_1.4.0/stm32cubeide/plugins/com.st.stm32cube.ide.mcu.externaltools.gnu-tools-for-stm32.7-2018-q2-update.win32_1.4.0.202007081208/tools/bin/../lib/gcc/arm-none-eabi/7.3.1/thumb/v7e-m/fpv4-sp/hard/crtbegin.o
 *(.bss*)
 .bss.GPIO_InitStruct
                0x000000002000002c       0x14 Application/User/main.o
 *(COMMON)
 COMMON         0x0000000020000040        0x4 Drivers/STM32WBxx_HAL_Driver/stm32wbxx_hal.o
                0x0000000020000040                uwTick
                0x0000000020000044                . = ALIGN (0x4)
                0x0000000020000044                _ebss = .
                0x0000000020000044                __bss_end__ = _ebss

._user_heap_stack
                0x0000000020000044      0x604 load address 0x0000000008002020
                0x0000000020000048                . = ALIGN (0x8)
 *fill*         0x0000000020000044        0x4 
                0x0000000020000048                PROVIDE (end = .)
                [!provide]                        PROVIDE (_end = .)
                0x0000000020000248                . = (. + _Min_Heap_Size)
 *fill*         0x0000000020000048      0x200 
                0x0000000020000648                . = (. + _Min_Stack_Size)
 *fill*         0x0000000020000248      0x400 
                0x0000000020000648                . = ALIGN (0x8)

/DISCARD/
 libc.a(*)
 libm.a(*)
 libgcc.a(*)

.ARM.attributes
                0x0000000000000000       0x30
 *(.ARM.attributes)
 .ARM.attributes
                0x0000000000000000       0x22 c:/st/stm32cubeide_1.4.0/stm32cubeide/plugins/com.st.stm32cube.ide.mcu.externaltools.gnu-tools-for-stm32.7-2018-q2-update.win32_1.4.0.202007081208/tools/bin/../lib/gcc/arm-none-eabi/7.3.1/thumb/v7e-m/fpv4-sp/hard/crti.o
 .ARM.attributes
                0x0000000000000022       0x34 c:/st/stm32cubeide_1.4.0/stm32cubeide/plugins/com.st.stm32cube.ide.mcu.externaltools.gnu-tools-for-stm32.7-2018-q2-update.win32_1.4.0.202007081208/tools/bin/../lib/gcc/arm-none-eabi/7.3.1/thumb/v7e-m/fpv4-sp/hard/crtbegin.o
 .ARM.attributes
                0x0000000000000056       0x21 Application/Startup/startup_stm32wb55rgvx.o
 .ARM.attributes
                0x0000000000000077       0x39 Application/User/main.o
 .ARM.attributes
                0x00000000000000b0       0x39 Application/User/stm32wbxx_hal_msp.o
 .ARM.attributes
                0x00000000000000e9       0x39 Application/User/stm32wbxx_it.o
 .ARM.attributes
                0x0000000000000122       0x39 Drivers/CMSIS/system_stm32wbxx.o
 .ARM.attributes
                0x000000000000015b       0x39 Drivers/STM32WBxx_HAL_Driver/stm32wbxx_hal.o
 .ARM.attributes
                0x0000000000000194       0x39 Drivers/STM32WBxx_HAL_Driver/stm32wbxx_hal_cortex.o
 .ARM.attributes
                0x00000000000001cd       0x39 Drivers/STM32WBxx_HAL_Driver/stm32wbxx_hal_gpio.o
 .ARM.attributes
                0x0000000000000206       0x39 Drivers/STM32WBxx_HAL_Driver/stm32wbxx_hal_pwr.o
 .ARM.attributes
                0x000000000000023f       0x39 Drivers/STM32WBxx_HAL_Driver/stm32wbxx_hal_pwr_ex.o
 .ARM.attributes
                0x0000000000000278       0x39 Drivers/STM32WBxx_HAL_Driver/stm32wbxx_hal_rcc.o
 .ARM.attributes
                0x00000000000002b1       0x34 c:/st/stm32cubeide_1.4.0/stm32cubeide/plugins/com.st.stm32cube.ide.mcu.externaltools.gnu-tools-for-stm32.7-2018-q2-update.win32_1.4.0.202007081208/tools/bin/../lib/gcc/arm-none-eabi/7.3.1/../../../../arm-none-eabi/lib/thumb/v7e-m/fpv4-sp/hard\libc_nano.a(lib_a-init.o)
 .ARM.attributes
                0x00000000000002e5       0x34 c:/st/stm32cubeide_1.4.0/stm32cubeide/plugins/com.st.stm32cube.ide.mcu.externaltools.gnu-tools-for-stm32.7-2018-q2-update.win32_1.4.0.202007081208/tools/bin/../lib/gcc/arm-none-eabi/7.3.1/../../../../arm-none-eabi/lib/thumb/v7e-m/fpv4-sp/hard\libc_nano.a(lib_a-memset.o)
 .ARM.attributes
                0x0000000000000319       0x22 c:/st/stm32cubeide_1.4.0/stm32cubeide/plugins/com.st.stm32cube.ide.mcu.externaltools.gnu-tools-for-stm32.7-2018-q2-update.win32_1.4.0.202007081208/tools/bin/../lib/gcc/arm-none-eabi/7.3.1/thumb/v7e-m/fpv4-sp/hard/crtn.o

MAPPING_TABLE
 *(MAPPING_TABLE)

MB_MEM1
 *(MB_MEM1)

MB_MEM2         0x0000000020030000        0x0
                0x0000000020030000                _sMB_MEM2 = .
 *(MB_MEM2)
                0x0000000020030000                _eMB_MEM2 = .
OUTPUT(GPIO_IOToggle.elf elf32-littlearm)

.debug_line     0x0000000000000000     0x6bb9
 .debug_line    0x0000000000000000       0x98 Application/Startup/startup_stm32wb55rgvx.o
 .debug_line    0x0000000000000098      0x87f Application/User/main.o
 .debug_line    0x0000000000000917      0x80d Application/User/stm32wbxx_hal_msp.o
 .debug_line    0x0000000000001124      0x887 Application/User/stm32wbxx_it.o
 .debug_line    0x00000000000019ab      0x7e8 Drivers/CMSIS/system_stm32wbxx.o
 .debug_line    0x0000000000002193      0xdc6 Drivers/STM32WBxx_HAL_Driver/stm32wbxx_hal.o
 .debug_line    0x0000000000002f59      0xa8c Drivers/STM32WBxx_HAL_Driver/stm32wbxx_hal_cortex.o
 .debug_line    0x00000000000039e5      0x919 Drivers/STM32WBxx_HAL_Driver/stm32wbxx_hal_gpio.o
 .debug_line    0x00000000000042fe      0x979 Drivers/STM32WBxx_HAL_Driver/stm32wbxx_hal_pwr.o
 .debug_line    0x0000000000004c77      0xe61 Drivers/STM32WBxx_HAL_Driver/stm32wbxx_hal_pwr_ex.o
 .debug_line    0x0000000000005ad8     0x10e1 Drivers/STM32WBxx_HAL_Driver/stm32wbxx_hal_rcc.o

.debug_info     0x0000000000000000     0x7002
 .debug_info    0x0000000000000000       0x22 Application/Startup/startup_stm32wb55rgvx.o
 .debug_info    0x0000000000000022      0x8c1 Application/User/main.o
 .debug_info    0x00000000000008e3      0x22d Application/User/stm32wbxx_hal_msp.o
 .debug_info    0x0000000000000b10      0x293 Application/User/stm32wbxx_it.o
 .debug_info    0x0000000000000da3      0x7e0 Drivers/CMSIS/system_stm32wbxx.o
 .debug_info    0x0000000000001583     0x1353 Drivers/STM32WBxx_HAL_Driver/stm32wbxx_hal.o
 .debug_info    0x00000000000028d6      0xe14 Drivers/STM32WBxx_HAL_Driver/stm32wbxx_hal_cortex.o
 .debug_info    0x00000000000036ea      0x815 Drivers/STM32WBxx_HAL_Driver/stm32wbxx_hal_gpio.o
 .debug_info    0x0000000000003eff      0xa0c Drivers/STM32WBxx_HAL_Driver/stm32wbxx_hal_pwr.o
 .debug_info    0x000000000000490b     0x115e Drivers/STM32WBxx_HAL_Driver/stm32wbxx_hal_pwr_ex.o
 .debug_info    0x0000000000005a69     0x1599 Drivers/STM32WBxx_HAL_Driver/stm32wbxx_hal_rcc.o

.debug_abbrev   0x0000000000000000     0x1341
 .debug_abbrev  0x0000000000000000       0x12 Application/Startup/startup_stm32wb55rgvx.o
 .debug_abbrev  0x0000000000000012      0x1a4 Application/User/main.o
 .debug_abbrev  0x00000000000001b6       0xca Application/User/stm32wbxx_hal_msp.o
 .debug_abbrev  0x0000000000000280       0xe2 Application/User/stm32wbxx_it.o
 .debug_abbrev  0x0000000000000362      0x163 Drivers/CMSIS/system_stm32wbxx.o
 .debug_abbrev  0x00000000000004c5      0x2df Drivers/STM32WBxx_HAL_Driver/stm32wbxx_hal.o
 .debug_abbrev  0x00000000000007a4      0x2f1 Drivers/STM32WBxx_HAL_Driver/stm32wbxx_hal_cortex.o
 .debug_abbrev  0x0000000000000a95      0x1d3 Drivers/STM32WBxx_HAL_Driver/stm32wbxx_hal_gpio.o
 .debug_abbrev  0x0000000000000c68      0x1b9 Drivers/STM32WBxx_HAL_Driver/stm32wbxx_hal_pwr.o
 .debug_abbrev  0x0000000000000e21      0x2d6 Drivers/STM32WBxx_HAL_Driver/stm32wbxx_hal_pwr_ex.o
 .debug_abbrev  0x00000000000010f7      0x24a Drivers/STM32WBxx_HAL_Driver/stm32wbxx_hal_rcc.o

.debug_aranges  0x0000000000000000      0xad8
 .debug_aranges
                0x0000000000000000       0x30 Application/Startup/startup_stm32wb55rgvx.o
 .debug_aranges
                0x0000000000000030       0x38 Application/User/main.o
 .debug_aranges
                0x0000000000000068       0x20 Application/User/stm32wbxx_hal_msp.o
 .debug_aranges
                0x0000000000000088       0x50 Application/User/stm32wbxx_it.o
 .debug_aranges
                0x00000000000000d8       0x28 Drivers/CMSIS/system_stm32wbxx.o
 .debug_aranges
                0x0000000000000100      0x280 Drivers/STM32WBxx_HAL_Driver/stm32wbxx_hal.o
 .debug_aranges
                0x0000000000000380      0x108 Drivers/STM32WBxx_HAL_Driver/stm32wbxx_hal_cortex.o
 .debug_aranges
                0x0000000000000488       0x58 Drivers/STM32WBxx_HAL_Driver/stm32wbxx_hal_gpio.o
 .debug_aranges
                0x00000000000004e0       0xd0 Drivers/STM32WBxx_HAL_Driver/stm32wbxx_hal_pwr.o
 .debug_aranges
                0x00000000000005b0      0x288 Drivers/STM32WBxx_HAL_Driver/stm32wbxx_hal_pwr_ex.o
 .debug_aranges
                0x0000000000000838      0x2a0 Drivers/STM32WBxx_HAL_Driver/stm32wbxx_hal_rcc.o

.debug_str      0x0000000000000000    0xcaf2b
 .debug_str     0x0000000000000000       0xc5 Application/Startup/startup_stm32wb55rgvx.o
 .debug_str     0x00000000000000c5    0xc7d44 Application/User/main.o
                                      0xc8848 (size before relaxing)
 .debug_str     0x00000000000c7e09       0x99 Application/User/stm32wbxx_hal_msp.o
                                      0xc83d2 (size before relaxing)
 .debug_str     0x00000000000c7ea2      0x106 Application/User/stm32wbxx_it.o
                                      0xc843f (size before relaxing)
 .debug_str     0x00000000000c7fa8      0x165 Drivers/CMSIS/system_stm32wbxx.o
                                      0xc78b8 (size before relaxing)
 .debug_str     0x00000000000c810d      0xdaf Drivers/STM32WBxx_HAL_Driver/stm32wbxx_hal.o
                                      0xc869c (size before relaxing)
 .debug_str     0x00000000000c8ebc      0x3c8 Drivers/STM32WBxx_HAL_Driver/stm32wbxx_hal_cortex.o
                                      0xc7eed (size before relaxing)
 .debug_str     0x00000000000c9284      0x26f Drivers/STM32WBxx_HAL_Driver/stm32wbxx_hal_gpio.o
                                      0xc7900 (size before relaxing)
 .debug_str     0x00000000000c94f3      0x5fc Drivers/STM32WBxx_HAL_Driver/stm32wbxx_hal_pwr.o
                                      0xc7c97 (size before relaxing)
 .debug_str     0x00000000000c9aef      0x8d1 Drivers/STM32WBxx_HAL_Driver/stm32wbxx_hal_pwr_ex.o
                                      0xc81d5 (size before relaxing)
 .debug_str     0x00000000000ca3c0      0xb6b Drivers/STM32WBxx_HAL_Driver/stm32wbxx_hal_rcc.o
                                      0xc8661 (size before relaxing)

.debug_ranges   0x0000000000000000      0xa30
 .debug_ranges  0x0000000000000000       0x28 Application/Startup/startup_stm32wb55rgvx.o
 .debug_ranges  0x0000000000000028       0x28 Application/User/main.o
 .debug_ranges  0x0000000000000050       0x10 Application/User/stm32wbxx_hal_msp.o
 .debug_ranges  0x0000000000000060       0x40 Application/User/stm32wbxx_it.o
 .debug_ranges  0x00000000000000a0       0x18 Drivers/CMSIS/system_stm32wbxx.o
 .debug_ranges  0x00000000000000b8      0x270 Drivers/STM32WBxx_HAL_Driver/stm32wbxx_hal.o
 .debug_ranges  0x0000000000000328       0xf8 Drivers/STM32WBxx_HAL_Driver/stm32wbxx_hal_cortex.o
 .debug_ranges  0x0000000000000420       0x48 Drivers/STM32WBxx_HAL_Driver/stm32wbxx_hal_gpio.o
 .debug_ranges  0x0000000000000468       0xc0 Drivers/STM32WBxx_HAL_Driver/stm32wbxx_hal_pwr.o
 .debug_ranges  0x0000000000000528      0x278 Drivers/STM32WBxx_HAL_Driver/stm32wbxx_hal_pwr_ex.o
 .debug_ranges  0x00000000000007a0      0x290 Drivers/STM32WBxx_HAL_Driver/stm32wbxx_hal_rcc.o

.debug_macro    0x0000000000000000    0x1f610
 .debug_macro   0x0000000000000000      0x20d Application/User/main.o
 .debug_macro   0x000000000000020d      0xa5a Application/User/main.o
 .debug_macro   0x0000000000000c67      0x12a Application/User/main.o
 .debug_macro   0x0000000000000d91       0x2e Application/User/main.o
 .debug_macro   0x0000000000000dbf       0x2e Application/User/main.o
 .debug_macro   0x0000000000000ded       0x22 Application/User/main.o
 .debug_macro   0x0000000000000e0f       0x8e Application/User/main.o
 .debug_macro   0x0000000000000e9d       0x51 Application/User/main.o
 .debug_macro   0x0000000000000eee       0xef Application/User/main.o
 .debug_macro   0x0000000000000fdd       0x6a Application/User/main.o
 .debug_macro   0x0000000000001047      0x1df Application/User/main.o
 .debug_macro   0x0000000000001226       0x1c Application/User/main.o
 .debug_macro   0x0000000000001242       0x22 Application/User/main.o
 .debug_macro   0x0000000000001264       0xdf Application/User/main.o
 .debug_macro   0x0000000000001343     0x102d Application/User/main.o
 .debug_macro   0x0000000000002370      0x11f Application/User/main.o
 .debug_macro   0x000000000000248f    0x12ae2 Application/User/main.o
 .debug_macro   0x0000000000014f71       0x42 Application/User/main.o
 .debug_macro   0x0000000000014fb3     0x3461 Application/User/main.o
 .debug_macro   0x0000000000018414      0x174 Application/User/main.o
 .debug_macro   0x0000000000018588       0x5a Application/User/main.o
 .debug_macro   0x00000000000185e2      0x3f5 Application/User/main.o
 .debug_macro   0x00000000000189d7      0x286 Application/User/main.o
 .debug_macro   0x0000000000018c5d      0x30d Application/User/main.o
 .debug_macro   0x0000000000018f6a      0x17e Application/User/main.o
 .debug_macro   0x00000000000190e8       0x43 Application/User/main.o
 .debug_macro   0x000000000001912b      0x236 Application/User/main.o
 .debug_macro   0x0000000000019361      0x24a Application/User/main.o
 .debug_macro   0x00000000000195ab      0x57b Application/User/main.o
 .debug_macro   0x0000000000019b26       0x1c Application/User/main.o
 .debug_macro   0x0000000000019b42      0x100 Application/User/main.o
 .debug_macro   0x0000000000019c42      0x137 Application/User/main.o
 .debug_macro   0x0000000000019d79      0x1ce Application/User/main.o
 .debug_macro   0x0000000000019f47      0x380 Application/User/main.o
 .debug_macro   0x000000000001a2c7      0x13e Application/User/main.o
 .debug_macro   0x000000000001a405      0x140 Application/User/main.o
 .debug_macro   0x000000000001a545      0x500 Application/User/main.o
 .debug_macro   0x000000000001aa45      0x87b Application/User/main.o
 .debug_macro   0x000000000001b2c0      0x259 Application/User/main.o
 .debug_macro   0x000000000001b519     0x1b29 Application/User/main.o
 .debug_macro   0x000000000001d042       0xe4 Application/User/main.o
 .debug_macro   0x000000000001d126      0x5e4 Application/User/main.o
 .debug_macro   0x000000000001d70a      0x557 Application/User/main.o
 .debug_macro   0x000000000001dc61      0x433 Application/User/main.o
 .debug_macro   0x000000000001e094      0x205 Application/User/main.o
 .debug_macro   0x000000000001e299      0x20d Application/User/stm32wbxx_hal_msp.o
 .debug_macro   0x000000000001e4a6      0x217 Application/User/stm32wbxx_it.o
 .debug_macro   0x000000000001e6bd      0x207 Drivers/CMSIS/system_stm32wbxx.o
 .debug_macro   0x000000000001e8c4      0x21e Drivers/STM32WBxx_HAL_Driver/stm32wbxx_hal.o
 .debug_macro   0x000000000001eae2      0x1fa Drivers/STM32WBxx_HAL_Driver/stm32wbxx_hal_cortex.o
 .debug_macro   0x000000000001ecdc      0x232 Drivers/STM32WBxx_HAL_Driver/stm32wbxx_hal_gpio.o
 .debug_macro   0x000000000001ef0e      0x26c Drivers/STM32WBxx_HAL_Driver/stm32wbxx_hal_pwr.o
 .debug_macro   0x000000000001f17a      0x20c Drivers/STM32WBxx_HAL_Driver/stm32wbxx_hal_pwr_ex.o
 .debug_macro   0x000000000001f386      0x28a Drivers/STM32WBxx_HAL_Driver/stm32wbxx_hal_rcc.o

.comment        0x0000000000000000       0x7b
 .comment       0x0000000000000000       0x7b Application/User/main.o
                                         0x7c (size before relaxing)
 .comment       0x000000000000007b       0x7c Application/User/stm32wbxx_hal_msp.o
 .comment       0x000000000000007b       0x7c Application/User/stm32wbxx_it.o
 .comment       0x000000000000007b       0x7c Drivers/CMSIS/system_stm32wbxx.o
 .comment       0x000000000000007b       0x7c Drivers/STM32WBxx_HAL_Driver/stm32wbxx_hal.o
 .comment       0x000000000000007b       0x7c Drivers/STM32WBxx_HAL_Driver/stm32wbxx_hal_cortex.o
 .comment       0x000000000000007b       0x7c Drivers/STM32WBxx_HAL_Driver/stm32wbxx_hal_gpio.o
 .comment       0x000000000000007b       0x7c Drivers/STM32WBxx_HAL_Driver/stm32wbxx_hal_pwr.o
 .comment       0x000000000000007b       0x7c Drivers/STM32WBxx_HAL_Driver/stm32wbxx_hal_pwr_ex.o
 .comment       0x000000000000007b       0x7c Drivers/STM32WBxx_HAL_Driver/stm32wbxx_hal_rcc.o

.debug_frame    0x0000000000000000     0x2b18
 .debug_frame   0x0000000000000000       0x90 Application/User/main.o
 .debug_frame   0x0000000000000090       0x30 Application/User/stm32wbxx_hal_msp.o
 .debug_frame   0x00000000000000c0       0xdc Application/User/stm32wbxx_it.o
 .debug_frame   0x000000000000019c       0x58 Drivers/CMSIS/system_stm32wbxx.o
 .debug_frame   0x00000000000001f4      0xa34 Drivers/STM32WBxx_HAL_Driver/stm32wbxx_hal.o
 .debug_frame   0x0000000000000c28      0x44c Drivers/STM32WBxx_HAL_Driver/stm32wbxx_hal_cortex.o
 .debug_frame   0x0000000000001074      0x14c Drivers/STM32WBxx_HAL_Driver/stm32wbxx_hal_gpio.o
 .debug_frame   0x00000000000011c0      0x344 Drivers/STM32WBxx_HAL_Driver/stm32wbxx_hal_pwr.o
 .debug_frame   0x0000000000001504      0xb00 Drivers/STM32WBxx_HAL_Driver/stm32wbxx_hal_pwr_ex.o
 .debug_frame   0x0000000000002004      0xac8 Drivers/STM32WBxx_HAL_Driver/stm32wbxx_hal_rcc.o
 .debug_frame   0x0000000000002acc       0x2c c:/st/stm32cubeide_1.4.0/stm32cubeide/plugins/com.st.stm32cube.ide.mcu.externaltools.gnu-tools-for-stm32.7-2018-q2-update.win32_1.4.0.202007081208/tools/bin/../lib/gcc/arm-none-eabi/7.3.1/../../../../arm-none-eabi/lib/thumb/v7e-m/fpv4-sp/hard\libc_nano.a(lib_a-init.o)
 .debug_frame   0x0000000000002af8       0x20 c:/st/stm32cubeide_1.4.0/stm32cubeide/plugins/com.st.stm32cube.ide.mcu.externaltools.gnu-tools-for-stm32.7-2018-q2-update.win32_1.4.0.202007081208/tools/bin/../lib/gcc/arm-none-eabi/7.3.1/../../../../arm-none-eabi/lib/thumb/v7e-m/fpv4-sp/hard\libc_nano.a(lib_a-memset.o)
